Archive member included to satisfy reference by file (symbol)

/home/swift/st/stm32cubeide_1.14.0/plugins/com.st.stm32cube.ide.mcu.externaltools.gnu-tools-for-stm32.11.3.rel1.linux64_1.1.100.202309141235/tools/bin/../lib/gcc/arm-none-eabi/11.3.1/../../../../arm-none-eabi/lib/thumb/v7e-m+fp/hard/libc_nano.a(libc_a-exit.o)
                              /home/swift/st/stm32cubeide_1.14.0/plugins/com.st.stm32cube.ide.mcu.externaltools.gnu-tools-for-stm32.11.3.rel1.linux64_1.1.100.202309141235/tools/bin/../lib/gcc/arm-none-eabi/11.3.1/../../../../arm-none-eabi/lib/thumb/v7e-m+fp/hard/crt0.o (exit)
/home/swift/st/stm32cubeide_1.14.0/plugins/com.st.stm32cube.ide.mcu.externaltools.gnu-tools-for-stm32.11.3.rel1.linux64_1.1.100.202309141235/tools/bin/../lib/gcc/arm-none-eabi/11.3.1/../../../../arm-none-eabi/lib/thumb/v7e-m+fp/hard/libc_nano.a(libc_a-ctype_.o)
                              ./Core/Src/Utils/eprintf.o (_ctype_)
/home/swift/st/stm32cubeide_1.14.0/plugins/com.st.stm32cube.ide.mcu.externaltools.gnu-tools-for-stm32.11.3.rel1.linux64_1.1.100.202309141235/tools/bin/../lib/gcc/arm-none-eabi/11.3.1/../../../../arm-none-eabi/lib/thumb/v7e-m+fp/hard/libc_nano.a(libc_a-nano-vfprintf_float.o)
                              (_printf_float)
/home/swift/st/stm32cubeide_1.14.0/plugins/com.st.stm32cube.ide.mcu.externaltools.gnu-tools-for-stm32.11.3.rel1.linux64_1.1.100.202309141235/tools/bin/../lib/gcc/arm-none-eabi/11.3.1/../../../../arm-none-eabi/lib/thumb/v7e-m+fp/hard/libc_nano.a(libc_a-nano-vfprintf_i.o)
                              /home/swift/st/stm32cubeide_1.14.0/plugins/com.st.stm32cube.ide.mcu.externaltools.gnu-tools-for-stm32.11.3.rel1.linux64_1.1.100.202309141235/tools/bin/../lib/gcc/arm-none-eabi/11.3.1/../../../../arm-none-eabi/lib/thumb/v7e-m+fp/hard/libc_nano.a(libc_a-nano-vfprintf_float.o) (_printf_common)
/home/swift/st/stm32cubeide_1.14.0/plugins/com.st.stm32cube.ide.mcu.externaltools.gnu-tools-for-stm32.11.3.rel1.linux64_1.1.100.202309141235/tools/bin/../lib/gcc/arm-none-eabi/11.3.1/../../../../arm-none-eabi/lib/thumb/v7e-m+fp/hard/libc_nano.a(libc_a-fflush.o)
                              ./Core/Src/task.o (fflush)
/home/swift/st/stm32cubeide_1.14.0/plugins/com.st.stm32cube.ide.mcu.externaltools.gnu-tools-for-stm32.11.3.rel1.linux64_1.1.100.202309141235/tools/bin/../lib/gcc/arm-none-eabi/11.3.1/../../../../arm-none-eabi/lib/thumb/v7e-m+fp/hard/libc_nano.a(libc_a-findfp.o)
                              /home/swift/st/stm32cubeide_1.14.0/plugins/com.st.stm32cube.ide.mcu.externaltools.gnu-tools-for-stm32.11.3.rel1.linux64_1.1.100.202309141235/tools/bin/../lib/gcc/arm-none-eabi/11.3.1/../../../../arm-none-eabi/lib/thumb/v7e-m+fp/hard/libc_nano.a(libc_a-fflush.o) (__sinit)
/home/swift/st/stm32cubeide_1.14.0/plugins/com.st.stm32cube.ide.mcu.externaltools.gnu-tools-for-stm32.11.3.rel1.linux64_1.1.100.202309141235/tools/bin/../lib/gcc/arm-none-eabi/11.3.1/../../../../arm-none-eabi/lib/thumb/v7e-m+fp/hard/libc_nano.a(libc_a-fwalk.o)
                              /home/swift/st/stm32cubeide_1.14.0/plugins/com.st.stm32cube.ide.mcu.externaltools.gnu-tools-for-stm32.11.3.rel1.linux64_1.1.100.202309141235/tools/bin/../lib/gcc/arm-none-eabi/11.3.1/../../../../arm-none-eabi/lib/thumb/v7e-m+fp/hard/libc_nano.a(libc_a-fflush.o) (_fwalk_sglue)
/home/swift/st/stm32cubeide_1.14.0/plugins/com.st.stm32cube.ide.mcu.externaltools.gnu-tools-for-stm32.11.3.rel1.linux64_1.1.100.202309141235/tools/bin/../lib/gcc/arm-none-eabi/11.3.1/../../../../arm-none-eabi/lib/thumb/v7e-m+fp/hard/libc_nano.a(libc_a-printf.o)
                              ./Core/Src/Drivers/ICM20602.o (printf)
/home/swift/st/stm32cubeide_1.14.0/plugins/com.st.stm32cube.ide.mcu.externaltools.gnu-tools-for-stm32.11.3.rel1.linux64_1.1.100.202309141235/tools/bin/../lib/gcc/arm-none-eabi/11.3.1/../../../../arm-none-eabi/lib/thumb/v7e-m+fp/hard/libc_nano.a(libc_a-putchar.o)
                              ./Core/Src/task.o (putchar)
/home/swift/st/stm32cubeide_1.14.0/plugins/com.st.stm32cube.ide.mcu.externaltools.gnu-tools-for-stm32.11.3.rel1.linux64_1.1.100.202309141235/tools/bin/../lib/gcc/arm-none-eabi/11.3.1/../../../../arm-none-eabi/lib/thumb/v7e-m+fp/hard/libc_nano.a(libc_a-puts.o)
                              ./Core/Src/main.o (puts)
/home/swift/st/stm32cubeide_1.14.0/plugins/com.st.stm32cube.ide.mcu.externaltools.gnu-tools-for-stm32.11.3.rel1.linux64_1.1.100.202309141235/tools/bin/../lib/gcc/arm-none-eabi/11.3.1/../../../../arm-none-eabi/lib/thumb/v7e-m+fp/hard/libc_nano.a(libc_a-stdio.o)
                              /home/swift/st/stm32cubeide_1.14.0/plugins/com.st.stm32cube.ide.mcu.externaltools.gnu-tools-for-stm32.11.3.rel1.linux64_1.1.100.202309141235/tools/bin/../lib/gcc/arm-none-eabi/11.3.1/../../../../arm-none-eabi/lib/thumb/v7e-m+fp/hard/libc_nano.a(libc_a-findfp.o) (__sread)
[...]
Memory Configuration

Name             Origin             Length             Attributes
CCMRAM           0x0000000010000000 0x0000000000010000 xrw
RAM              0x0000000020000000 0x0000000000020000 xrw
FLASH            0x0000000008000000 0x0000000000100000 xr
*default*        0x0000000000000000 0xffffffffffffffff

Linker script and memory map

LOAD /home/swift/st/stm32cubeide_1.14.0/plugins/com.st.stm32cube.ide.mcu.externaltools.gnu-tools-for-stm32.11.3.rel1.linux64_1.1.100.202309141235/tools/bin/../lib/gcc/arm-none-eabi/11.3.1/thumb/v7e-m+fp/hard/crti.o
LOAD /home/swift/st/stm32cubeide_1.14.0/plugins/com.st.stm32cube.ide.mcu.externaltools.gnu-tools-for-stm32.11.3.rel1.linux64_1.1.100.202309141235/tools/bin/../lib/gcc/arm-none-eabi/11.3.1/thumb/v7e-m+fp/hard/crtbegin.o
LOAD /home/swift/st/stm32cubeide_1.14.0/plugins/com.st.stm32cube.ide.mcu.externaltools.gnu-tools-for-stm32.11.3.rel1.linux64_1.1.100.202309141235/tools/bin/../lib/gcc/arm-none-eabi/11.3.1/../../../../arm-none-eabi/lib/thumb/v7e-m+fp/hard/crt0.o
LOAD ./Core/Lib/STM32F4xx_StdPeriph_Driver/src/misc.o
LOAD ./Core/Src/Drivers/ICM20602.o
LOAD ./Core/Src/Drivers/bootloader.o
LOAD ./Core/Src/Drivers/led.o
LOAD ./Core/Src/Drivers/system.o
LOAD ./Core/Src/Platform/platform.o
LOAD ./Core/Src/Platform/platform_cf2.o
LOAD ./Core/Src/Platform/platform_stm32f4.o
LOAD ./Core/Src/Utils/cfassert.o
LOAD ./Core/Src/Utils/debug.o
LOAD ./Core/Src/Utils/eprintf.o
LOAD ./Core/Src/Utils/usec_time.o
LOAD ./Core/Src/debug_printf.o
LOAD ./Core/Src/freertos.o
LOAD ./Core/Src/main.o
LOAD ./Core/Src/stm32f4xx_hal_msp.o
LOAD ./Core/Src/stm32f4xx_it.o
LOAD ./Core/Src/syscalls.o
LOAD ./Core/Src/sysmem.o
LOAD ./Core/Src/system_stm32f4xx.o
LOAD ./Core/Src/task.o
LOAD ./Core/Startup/startup_stm32f405rgtx.o
LOAD ./Drivers/STM32F4xx_HAL_Driver/Src/stm32f4xx_hal.o
LOAD ./Drivers/STM32F4xx_HAL_Driver/Src/stm32f4xx_hal_cortex.o
LOAD ./Drivers/STM32F4xx_HAL_Driver/Src/stm32f4xx_hal_dma.o
LOAD ./Drivers/STM32F4xx_HAL_Driver/Src/stm32f4xx_hal_dma_ex.o
LOAD ./Drivers/STM32F4xx_HAL_Driver/Src/stm32f4xx_hal_exti.o
LOAD ./Drivers/STM32F4xx_HAL_Driver/Src/stm32f4xx_hal_flash.o
LOAD ./Drivers/STM32F4xx_HAL_Driver/Src/stm32f4xx_hal_flash_ex.o
LOAD ./Drivers/STM32F4xx_HAL_Driver/Src/stm32f4xx_hal_flash_ramfunc.o
LOAD ./Drivers/STM32F4xx_HAL_Driver/Src/stm32f4xx_hal_gpio.o
LOAD ./Drivers/STM32F4xx_HAL_Driver/Src/stm32f4xx_hal_pwr.o
LOAD ./Drivers/STM32F4xx_HAL_Driver/Src/stm32f4xx_hal_pwr_ex.o
LOAD ./Drivers/STM32F4xx_HAL_Driver/Src/stm32f4xx_hal_rcc.o
LOAD ./Drivers/STM32F4xx_HAL_Driver/Src/stm32f4xx_hal_rcc_ex.o
LOAD ./Drivers/STM32F4xx_HAL_Driver/Src/stm32f4xx_hal_tim.o
LOAD ./Drivers/STM32F4xx_HAL_Driver/Src/stm32f4xx_hal_tim_ex.o
LOAD ./Drivers/STM32F4xx_HAL_Driver/Src/stm32f4xx_hal_uart.o
LOAD ./Drivers/STM32F4xx_HAL_Driver/Src/stm32f4xx_ll_dma.o
LOAD ./Drivers/STM32F4xx_HAL_Driver/Src/stm32f4xx_ll_exti.o
LOAD ./Drivers/STM32F4xx_HAL_Driver/Src/stm32f4xx_ll_gpio.o
LOAD ./Drivers/STM32F4xx_HAL_Driver/Src/stm32f4xx_ll_rcc.o
LOAD ./Drivers/STM32F4xx_HAL_Driver/Src/stm32f4xx_ll_spi.o
LOAD ./Drivers/STM32F4xx_HAL_Driver/Src/stm32f4xx_ll_utils.o
LOAD ./Middlewares/Third_Party/FreeRTOS/Source/CMSIS_RTOS/cmsis_os.o
LOAD ./Middlewares/Third_Party/FreeRTOS/Source/croutine.o
LOAD ./Middlewares/Third_Party/FreeRTOS/Source/event_groups.o
LOAD ./Middlewares/Third_Party/FreeRTOS/Source/list.o
LOAD ./Middlewares/Third_Party/FreeRTOS/Source/queue.o
LOAD ./Middlewares/Third_Party/FreeRTOS/Source/stream_buffer.o
LOAD ./Middlewares/Third_Party/FreeRTOS/Source/tasks.o
LOAD ./Middlewares/Third_Party/FreeRTOS/Source/timers.o
LOAD ./Middlewares/Third_Party/FreeRTOS/Source/portable/GCC/ARM_CM4F/port.o
LOAD ./Middlewares/Third_Party/FreeRTOS/Source/portable/MemMang/heap_4.o
START GROUP
LOAD /home/swift/st/stm32cubeide_1.14.0/plugins/com.st.stm32cube.ide.mcu.externaltools.gnu-tools-for-stm32.11.3.rel1.linux64_1.1.100.202309141235/tools/bin/../lib/gcc/arm-none-eabi/11.3.1/../../../../arm-none-eabi/lib/thumb/v7e-m+fp/hard/libc_nano.a
LOAD /home/swift/st/stm32cubeide_1.14.0/plugins/com.st.stm32cube.ide.mcu.externaltools.gnu-tools-for-stm32.11.3.rel1.linux64_1.1.100.202309141235/tools/bin/../lib/gcc/arm-none-eabi/11.3.1/../../../../arm-none-eabi/lib/thumb/v7e-m+fp/hard/libm.a
END GROUP
START GROUP
LOAD /home/swift/st/stm32cubeide_1.14.0/plugins/com.st.stm32cube.ide.mcu.externaltools.gnu-tools-for-stm32.11.3.rel1.linux64_1.1.100.202309141235/tools/bin/../lib/gcc/arm-none-eabi/11.3.1/thumb/v7e-m+fp/hard/libgcc.a
LOAD /home/swift/st/stm32cubeide_1.14.0/plugins/com.st.stm32cube.ide.mcu.externaltools.gnu-tools-for-stm32.11.3.rel1.linux64_1.1.100.202309141235/tools/bin/../lib/gcc/arm-none-eabi/11.3.1/../../../../arm-none-eabi/lib/thumb/v7e-m+fp/hard/libc_nano.a
END GROUP
START GROUP
LOAD /home/swift/st/stm32cubeide_1.14.0/plugins/com.st.stm32cube.ide.mcu.externaltools.gnu-tools-for-stm32.11.3.rel1.linux64_1.1.100.202309141235/tools/bin/../lib/gcc/arm-none-eabi/11.3.1/thumb/v7e-m+fp/hard/libgcc.a
LOAD /home/swift/st/stm32cubeide_1.14.0/plugins/com.st.stm32cube.ide.mcu.externaltools.gnu-tools-for-stm32.11.3.rel1.linux64_1.1.100.202309141235/tools/bin/../lib/gcc/arm-none-eabi/11.3.1/../../../../arm-none-eabi/lib/thumb/v7e-m+fp/hard/libc_nano.a
LOAD /home/swift/st/stm32cubeide_1.14.0/plugins/com.st.stm32cube.ide.mcu.externaltools.gnu-tools-for-stm32.11.3.rel1.linux64_1.1.100.202309141235/tools/bin/../lib/gcc/arm-none-eabi/11.3.1/../../../../arm-none-eabi/lib/thumb/v7e-m+fp/hard/libnosys.a
END GROUP
START GROUP
LOAD /home/swift/st/stm32cubeide_1.14.0/plugins/com.st.stm32cube.ide.mcu.externaltools.gnu-tools-for-stm32.11.3.rel1.linux64_1.1.100.202309141235/tools/bin/../lib/gcc/arm-none-eabi/11.3.1/thumb/v7e-m+fp/hard/libgcc.a
LOAD /home/swift/st/stm32cubeide_1.14.0/plugins/com.st.stm32cube.ide.mcu.externaltools.gnu-tools-for-stm32.11.3.rel1.linux64_1.1.100.202309141235/tools/bin/../lib/gcc/arm-none-eabi/11.3.1/../../../../arm-none-eabi/lib/thumb/v7e-m+fp/hard/libc_nano.a
LOAD /home/swift/st/stm32cubeide_1.14.0/plugins/com.st.stm32cube.ide.mcu.externaltools.gnu-tools-for-stm32.11.3.rel1.linux64_1.1.100.202309141235/tools/bin/../lib/gcc/arm-none-eabi/11.3.1/../../../../arm-none-eabi/lib/thumb/v7e-m+fp/hard/libnosys.a
END GROUP
LOAD /home/swift/st/stm32cubeide_1.14.0/plugins/com.st.stm32cube.ide.mcu.externaltools.gnu-tools-for-stm32.11.3.rel1.linux64_1.1.100.202309141235/tools/bin/../lib/gcc/arm-none-eabi/11.3.1/thumb/v7e-m+fp/hard/crtend.o
LOAD /home/swift/st/stm32cubeide_1.14.0/plugins/com.st.stm32cube.ide.mcu.externaltools.gnu-tools-for-stm32.11.3.rel1.linux64_1.1.100.202309141235/tools/bin/../lib/gcc/arm-none-eabi/11.3.1/thumb/v7e-m+fp/hard/crtn.o
                0x0000000020020000                _estack = (ORIGIN (RAM) + LENGTH (RAM))
                0x0000000000000200                _Min_Heap_Size = 0x200
                0x0000000000000400                _Min_Stack_Size = 0x400

.isr_vector     0x0000000008000000      0x188
                0x0000000008000000                . = ALIGN (0x4)
 *(.isr_vector)
 .isr_vector    0x0000000008000000      0x188 ./Core/Startup/startup_stm32f405rgtx.o
                0x0000000008000000                g_pfnVectors
                0x0000000008000188                . = ALIGN (0x4)

.text           0x0000000008000190     0x8de0
                0x0000000008000190                . = ALIGN (0x4)
 *(.text)
 .text          0x0000000008000190       0x40 /home/swift/st/stm32cubeide_1.14.0/plugins/com.st.stm32cube.ide.mcu.externaltools.gnu-tools-for-stm32.11.3.rel1.linux64_1.1.100.202309141235/tools/bin/../lib/gcc/arm-none-eabi/11.3.1/thumb/v7e-m+fp/hard/crtbegin.o
 .text          0x00000000080001d0       0x14 /home/swift/st/stm32cubeide_1.14.0/plugins/com.st.stm32cube.ide.mcu.externaltools.gnu-tools-for-stm32.11.3.rel1.linux64_1.1.100.202309141235/tools/bin/../lib/gcc/arm-none-eabi/11.3.1/../../../../arm-none-eabi/lib/thumb/v7e-m+fp/hard/libc_nano.a(libc_a-strcmp.o)
                0x00000000080001d0                strcmp
 *fill*         0x00000000080001e4        0xc 
 .text          0x00000000080001f0       0xa0 /home/swift/st/stm32cubeide_1.14.0/plugins/com.st.stm32cube.ide.mcu.externaltools.gnu-tools-for-stm32.11.3.rel1.linux64_1.1.100.202309141235/tools/bin/../lib/gcc/arm-none-eabi/11.3.1/../../../../arm-none-eabi/lib/thumb/v7e-m+fp/hard/libc_nano.a(libc_a-memchr.o)
                0x00000000080001f0                memchr
 .text          0x0000000008000290       0x10 /home/swift/st/stm32cubeide_1.14.0/plugins/com.st.stm32cube.ide.mcu.externaltools.gnu-tools-for-stm32.11.3.rel1.linux64_1.1.100.202309141235/tools/bin/../lib/gcc/arm-none-eabi/11.3.1/../../../../arm-none-eabi/lib/thumb/v7e-m+fp/hard/libc_nano.a(libc_a-strlen.o)
                0x0000000008000290                strlen
 .text          0x00000000080002a0      0x378 /home/swift/st/stm32cubeide_1.14.0/plugins/com.st.stm32cube.ide.mcu.externaltools.gnu-tools-for-stm32.11.3.rel1.linux64_1.1.100.202309141235/tools/bin/../lib/gcc/arm-none-eabi/11.3.1/thumb/v7e-m+fp/hard/libgcc.a(_arm_addsubdf3.o)
                0x00000000080002a0                __aeabi_drsub
                0x00000000080002a8                __aeabi_dsub
                0x00000000080002a8                __subdf3
                0x00000000080002ac                __adddf3
                0x00000000080002ac                __aeabi_dadd
                0x0000000008000524                __aeabi_ui2d
                0x0000000008000524                __floatunsidf
                0x0000000008000544                __floatsidf
                0x0000000008000544                __aeabi_i2d
                0x0000000008000568                __extendsfdf2
                0x0000000008000568                __aeabi_f2d
                0x00000000080005ac                __aeabi_ul2d
                0x00000000080005ac                __floatundidf
                0x00000000080005bc                __floatdidf
                0x00000000080005bc                __aeabi_l2d
 .text          0x0000000008000618      0x424 /home/swift/st/stm32cubeide_1.14.0/plugins/com.st.stm32cube.ide.mcu.externaltools.gnu-tools-for-stm32.11.3.rel1.linux64_1.1.100.202309141235/tools/bin/../lib/gcc/arm-none-eabi/11.3.1/thumb/v7e-m+fp/hard/libgcc.a(_arm_muldivdf3.o)
                0x0000000008000618                __aeabi_dmul
                0x0000000008000618                __muldf3
                0x000000000800086c                __aeabi_ddiv
                0x000000000800086c                __divdf3
 .text          0x0000000008000a3c      0x110 /home/swift/st/stm32cubeide_1.14.0/plugins/com.st.stm32cube.ide.mcu.externaltools.gnu-tools-for-stm32.11.3.rel1.linux64_1.1.100.202309141235/tools/bin/../lib/gcc/arm-none-eabi/11.3.1/thumb/v7e-m+fp/hard/libgcc.a(_arm_cmpdf2.o)
                0x0000000008000a3c                __gtdf2
                0x0000000008000a3c                __gedf2
                0x0000000008000a44                __ltdf2
                0x0000000008000a44                __ledf2
                0x0000000008000a4c                __cmpdf2
                0x0000000008000a4c                __eqdf2
                0x0000000008000a4c                __nedf2
                0x0000000008000ac8                __aeabi_cdrcmple
                0x0000000008000ad8                __aeabi_cdcmple
                0x0000000008000ad8                __aeabi_cdcmpeq
                0x0000000008000ae8                __aeabi_dcmpeq
                0x0000000008000afc                __aeabi_dcmplt
                0x0000000008000b10                __aeabi_dcmple
                0x0000000008000b24                __aeabi_dcmpge
                0x0000000008000b38                __aeabi_dcmpgt
 .text          0x0000000008000b4c       0x2c /home/swift/st/stm32cubeide_1.14.0/plugins/com.st.stm32cube.ide.mcu.externaltools.gnu-tools-for-stm32.11.3.rel1.linux64_1.1.100.202309141235/tools/bin/../lib/gcc/arm-none-eabi/11.3.1/thumb/v7e-m+fp/hard/libgcc.a(_arm_unorddf2.o)
                0x0000000008000b4c                __aeabi_dcmpun
                0x0000000008000b4c                __unorddf2
 .text          0x0000000008000b78       0x50 /home/swift/st/stm32cubeide_1.14.0/plugins/com.st.stm32cube.ide.mcu.externaltools.gnu-tools-for-stm32.11.3.rel1.linux64_1.1.100.202309141235/tools/bin/../lib/gcc/arm-none-eabi/11.3.1/thumb/v7e-m+fp/hard/libgcc.a(_arm_fixdfsi.o)
                0x0000000008000b78                __fixdfsi
                0x0000000008000b78                __aeabi_d2iz
 .text          0x0000000008000bc8       0x30 /home/swift/st/stm32cubeide_1.14.0/plugins/com.st.stm32cube.ide.mcu.externaltools.gnu-tools-for-stm32.11.3.rel1.linux64_1.1.100.202309141235/tools/bin/../lib/gcc/arm-none-eabi/11.3.1/thumb/v7e-m+fp/hard/libgcc.a(_aeabi_uldivmod.o)
                0x0000000008000bc8                __aeabi_uldivmod
 .text          0x0000000008000bf8      0x2c8 /home/swift/st/stm32cubeide_1.14.0/plugins/com.st.stm32cube.ide.mcu.externaltools.gnu-tools-for-stm32.11.3.rel1.linux64_1.1.100.202309141235/tools/bin/../lib/gcc/arm-none-eabi/11.3.1/thumb/v7e-m+fp/hard/libgcc.a(_udivmoddi4.o)
                0x0000000008000bf8                __udivmoddi4
 .text          0x0000000008000ec0        0x4 /home/swift/st/stm32cubeide_1.14.0/plugins/com.st.stm32cube.ide.mcu.externaltools.gnu-tools-for-stm32.11.3.rel1.linux64_1.1.100.202309141235/tools/bin/../lib/gcc/arm-none-eabi/11.3.1/thumb/v7e-m+fp/hard/libgcc.a(_dvmd_tls.o)
                0x0000000008000ec0                __aeabi_ldiv0
                0x0000000008000ec0                __aeabi_idiv0
 *(.text*)
 .text.LL_SPI_Enable
                0x0000000008000ec4       0x20 ./Core/Src/Drivers/ICM20602.o
 .text.LL_SPI_SetStandard
                0x0000000008000ee4       0x26 ./Core/Src/Drivers/ICM20602.o
 .text.LL_SPI_IsActiveFlag_RXNE
                0x0000000008000f0a       0x26 ./Core/Src/Drivers/ICM20602.o
 .text.LL_SPI_IsActiveFlag_TXE
                0x0000000008000f30       0x26 ./Core/Src/Drivers/ICM20602.o
 .text.LL_SPI_ReceiveData8
                0x0000000008000f56       0x1c ./Core/Src/Drivers/ICM20602.o
 .text.LL_SPI_TransmitData8
                0x0000000008000f72       0x24 ./Core/Src/Drivers/ICM20602.o
 *fill*         0x0000000008000f96        0x2 
 .text.LL_AHB1_GRP1_EnableClock
                0x0000000008000f98       0x30 ./Core/Src/Drivers/ICM20602.o
 .text.LL_APB2_GRP1_EnableClock
                0x0000000008000fc8       0x30 ./Core/Src/Drivers/ICM20602.o
 .text.LL_GPIO_SetOutputPin
                0x0000000008000ff8       0x1c ./Core/Src/Drivers/ICM20602.o
 .text.LL_GPIO_ResetOutputPin
                0x0000000008001014       0x1e ./Core/Src/Drivers/ICM20602.o
 *fill*         0x0000000008001032        0x2 
 .text.ICM20602_GPIO_SPI_Initialization
                0x0000000008001034       0xf8 ./Core/Src/Drivers/ICM20602.o
                0x0000000008001034                ICM20602_GPIO_SPI_Initialization
 .text.SPI1_SendByte
                0x000000000800112c       0x44 ./Core/Src/Drivers/ICM20602.o
                0x000000000800112c                SPI1_SendByte
 .text.ICM20602_Readbyte
                0x0000000008001170       0x40 ./Core/Src/Drivers/ICM20602.o
                0x0000000008001170                ICM20602_Readbyte
 .text.ICM20602_Writebyte
                0x00000000080011b0       0x44 ./Core/Src/Drivers/ICM20602.o
                0x00000000080011b0                ICM20602_Writebyte
 .text.ICM20602_Initialization
                0x00000000080011f4       0xfc ./Core/Src/Drivers/ICM20602.o
                0x00000000080011f4                ICM20602_Initialization
 .text.branch_to_bootloader
                0x00000000080012f0       0x16 ./Core/Src/Drivers/bootloader.o
 *fill*         0x0000000008001306        0x2 
 .text.check_enter_bootloader
                0x0000000008001308       0x8c ./Core/Src/Drivers/bootloader.o
                0x0000000008001308                check_enter_bootloader
 .text.ledSetForce
                0x0000000008001394       0x90 ./Core/Src/Drivers/led.o
 .text.ledInit  0x0000000008001424       0xe4 ./Core/Src/Drivers/led.o
                0x0000000008001424                ledInit
 .text.ledSet   0x0000000008001508       0x54 ./Core/Src/Drivers/led.o
                0x0000000008001508                ledSet
 .text.ledShowFaultPattern
                0x000000000800155c       0x30 ./Core/Src/Drivers/led.o
                0x000000000800155c                ledShowFaultPattern
 .text.systemLaunch
                0x000000000800158c       0x38 ./Core/Src/Drivers/system.o
                0x000000000800158c                systemLaunch
 .text.systemTask
                0x00000000080015c4       0x24 ./Core/Src/Drivers/system.o
 .text.platformInit
                0x00000000080015e8       0x34 ./Core/Src/Platform/platform.o
                0x00000000080015e8                platformInit
 .text.platformParseDeviceTypeString
                0x000000000800161c       0x92 ./Core/Src/Platform/platform.o
                0x000000000800161c                platformParseDeviceTypeString
 *fill*         0x00000000080016ae        0x2 
 .text.platformInitConfiguration
                0x00000000080016b0       0x78 ./Core/Src/Platform/platform.o
                0x00000000080016b0                platformInitConfiguration
 .text.platformGetListOfConfigurations
                0x0000000008001728       0x20 ./Core/Src/Platform/platform_cf2.o
                0x0000000008001728                platformGetListOfConfigurations
 .text.getAddressOfOtpMemoryBlock
                0x0000000008001748       0x20 ./Core/Src/Platform/platform_stm32f4.o
 .text.platformGetDeviceTypeString
                0x0000000008001768       0x64 ./Core/Src/Platform/platform_stm32f4.o
                0x0000000008001768                platformGetDeviceTypeString
 .text.__NVIC_SystemReset
                0x00000000080017cc       0x2c ./Core/Src/Utils/cfassert.o
 .text.assertFail
                0x00000000080017f8       0x48 ./Core/Src/Utils/cfassert.o
                0x00000000080017f8                assertFail
 .text.storeAssertFileData
                0x0000000008001840       0x44 ./Core/Src/Utils/cfassert.o
                0x0000000008001840                storeAssertFileData
 .text._write   0x0000000008001884       0x34 ./Core/Src/debug_printf.o
                0x0000000008001884                _write
 .text.vApplicationGetIdleTaskMemory
                0x00000000080018b8       0x34 ./Core/Src/freertos.o
                0x00000000080018b8                vApplicationGetIdleTaskMemory
 .text.LL_SPI_SetStandard
                0x00000000080018ec       0x26 ./Core/Src/main.o
 *fill*         0x0000000008001912        0x2 
 .text.LL_AHB1_GRP1_EnableClock
                0x0000000008001914       0x30 ./Core/Src/main.o
 .text.LL_APB2_GRP1_EnableClock
                0x0000000008001944       0x30 ./Core/Src/main.o
 .text.main     0x0000000008001974       0xf8 ./Core/Src/main.o
                0x0000000008001974                main
 .text.SystemClock_Config
                0x0000000008001a6c       0xd4 ./Core/Src/main.o
                0x0000000008001a6c                SystemClock_Config
 .text.MX_SPI1_Init
                0x0000000008001b40       0xa4 ./Core/Src/main.o
 .text.MX_TIM7_Init
                0x0000000008001be4       0x6c ./Core/Src/main.o
 .text.MX_USART6_UART_Init
                0x0000000008001c50       0x54 ./Core/Src/main.o
 .text.MX_GPIO_Init
                0x0000000008001ca4      0x104 ./Core/Src/main.o
 .text.OSVersion
                0x0000000008001da8       0x14 ./Core/Src/main.o
                0x0000000008001da8                OSVersion
 .text.freertos_IntroTitle
                0x0000000008001dbc       0xec ./Core/Src/main.o
                0x0000000008001dbc                freertos_IntroTitle
 .text.StartDefaultTask
                0x0000000008001ea8       0x1c ./Core/Src/main.o
                0x0000000008001ea8                StartDefaultTask
 .text.Error_Handler
                0x0000000008001ec4        0xa ./Core/Src/main.o
                0x0000000008001ec4                Error_Handler
 *fill*         0x0000000008001ece        0x2 
 .text.HAL_MspInit
                0x0000000008001ed0       0x68 ./Core/Src/stm32f4xx_hal_msp.o
                0x0000000008001ed0                HAL_MspInit
 .text.HAL_TIM_Base_MspInit
                0x0000000008001f38       0x50 ./Core/Src/stm32f4xx_hal_msp.o
                0x0000000008001f38                HAL_TIM_Base_MspInit
 .text.HAL_UART_MspInit
                0x0000000008001f88       0xa0 ./Core/Src/stm32f4xx_hal_msp.o
                0x0000000008001f88                HAL_UART_MspInit
 .text.NMI_Handler
                0x0000000008002028        0x6 ./Core/Src/stm32f4xx_it.o
                0x0000000008002028                NMI_Handler
 .text.HardFault_Handler
                0x000000000800202e        0x6 ./Core/Src/stm32f4xx_it.o
                0x000000000800202e                HardFault_Handler
 .text.MemManage_Handler
                0x0000000008002034        0x6 ./Core/Src/stm32f4xx_it.o
                0x0000000008002034                MemManage_Handler
 .text.BusFault_Handler
                0x000000000800203a        0x6 ./Core/Src/stm32f4xx_it.o
                0x000000000800203a                BusFault_Handler
 .text.UsageFault_Handler
                0x0000000008002040        0x6 ./Core/Src/stm32f4xx_it.o
                0x0000000008002040                UsageFault_Handler
 .text.DebugMon_Handler
                0x0000000008002046        0xe ./Core/Src/stm32f4xx_it.o
                0x0000000008002046                DebugMon_Handler
 .text.SysTick_Handler
                0x0000000008002054       0x30 ./Core/Src/stm32f4xx_it.o
                0x0000000008002054                SysTick_Handler
 .text.RCC_IRQHandler
                0x0000000008002084        0xe ./Core/Src/stm32f4xx_it.o
                0x0000000008002084                RCC_IRQHandler
 *fill*         0x0000000008002092        0x2 
 .text.TIM7_IRQHandler
                0x0000000008002094       0x14 ./Core/Src/stm32f4xx_it.o
                0x0000000008002094                TIM7_IRQHandler
 .text.USART6_IRQHandler
                0x00000000080020a8       0x5c ./Core/Src/stm32f4xx_it.o
                0x00000000080020a8                USART6_IRQHandler
 .text._getpid  0x0000000008002104       0x10 ./Core/Src/syscalls.o
                0x0000000008002104                _getpid
 .text._kill    0x0000000008002114       0x20 ./Core/Src/syscalls.o
                0x0000000008002114                _kill
 .text._exit    0x0000000008002134       0x14 ./Core/Src/syscalls.o
                0x0000000008002134                _exit
 .text._read    0x0000000008002148       0x3a ./Core/Src/syscalls.o
                0x0000000008002148                _read
 .text._close   0x0000000008002182       0x18 ./Core/Src/syscalls.o
                0x0000000008002182                _close
 .text._fstat   0x000000000800219a       0x20 ./Core/Src/syscalls.o
                0x000000000800219a                _fstat
 .text._isatty  0x00000000080021ba       0x16 ./Core/Src/syscalls.o
                0x00000000080021ba                _isatty
 .text._lseek   0x00000000080021d0       0x1a ./Core/Src/syscalls.o
                0x00000000080021d0                _lseek
 *fill*         0x00000000080021ea        0x2 
 .text._sbrk    0x00000000080021ec       0x6c ./Core/Src/sysmem.o
                0x00000000080021ec                _sbrk
 .text.SystemInit
                0x0000000008002258       0x24 ./Core/Src/system_stm32f4xx.o
                0x0000000008002258                SystemInit
 .text.Reset_Handler
                0x000000000800227c       0x50 ./Core/Startup/startup_stm32f405rgtx.o
                0x000000000800227c                Reset_Handler
 .text.Default_Handler
                0x00000000080022cc        0x2 ./Core/Startup/startup_stm32f405rgtx.o
                0x00000000080022cc                RTC_Alarm_IRQHandler
                0x00000000080022cc                HASH_RNG_IRQHandler
                0x00000000080022cc                EXTI2_IRQHandler
                0x00000000080022cc                TIM8_CC_IRQHandler
                0x00000000080022cc                TIM1_CC_IRQHandler
                0x00000000080022cc                DMA2_Stream5_IRQHandler
                0x00000000080022cc                DMA1_Stream5_IRQHandler
                0x00000000080022cc                PVD_IRQHandler
                0x00000000080022cc                SDIO_IRQHandler
                0x00000000080022cc                TAMP_STAMP_IRQHandler
                0x00000000080022cc                CAN2_RX1_IRQHandler
                0x00000000080022cc                EXTI3_IRQHandler
                0x00000000080022cc                TIM8_TRG_COM_TIM14_IRQHandler
                0x00000000080022cc                TIM1_UP_TIM10_IRQHandler
                0x00000000080022cc                TIM8_UP_TIM13_IRQHandler
                0x00000000080022cc                I2C3_ER_IRQHandler
                0x00000000080022cc                EXTI0_IRQHandler
                0x00000000080022cc                I2C2_EV_IRQHandler
                0x00000000080022cc                DMA1_Stream2_IRQHandler
                0x00000000080022cc                CAN1_RX0_IRQHandler
                0x00000000080022cc                FPU_IRQHandler
                0x00000000080022cc                OTG_HS_WKUP_IRQHandler
                0x00000000080022cc                CAN2_SCE_IRQHandler
                0x00000000080022cc                DMA2_Stream2_IRQHandler
                0x00000000080022cc                SPI1_IRQHandler
                0x00000000080022cc                TIM6_DAC_IRQHandler
                0x00000000080022cc                TIM1_BRK_TIM9_IRQHandler
                0x00000000080022cc                CAN2_RX0_IRQHandler
                0x00000000080022cc                DMA2_Stream3_IRQHandler
                0x00000000080022cc                USART3_IRQHandler
                0x00000000080022cc                CAN1_RX1_IRQHandler
                0x00000000080022cc                UART5_IRQHandler
                0x00000000080022cc                DMA2_Stream0_IRQHandler
                0x00000000080022cc                TIM4_IRQHandler
                0x00000000080022cc                I2C1_EV_IRQHandler
                0x00000000080022cc                DMA1_Stream6_IRQHandler
                0x00000000080022cc                DMA1_Stream1_IRQHandler
                0x00000000080022cc                UART4_IRQHandler
                0x00000000080022cc                TIM3_IRQHandler
                0x00000000080022cc                TIM8_BRK_TIM12_IRQHandler
                0x00000000080022cc                Default_Handler
                0x00000000080022cc                EXTI15_10_IRQHandler
                0x00000000080022cc                ADC_IRQHandler
                0x00000000080022cc                DMA1_Stream7_IRQHandler
                0x00000000080022cc                CAN2_TX_IRQHandler
                0x00000000080022cc                TIM5_IRQHandler
                0x00000000080022cc                DMA2_Stream7_IRQHandler
                0x00000000080022cc                I2C3_EV_IRQHandler
                0x00000000080022cc                EXTI9_5_IRQHandler
                0x00000000080022cc                RTC_WKUP_IRQHandler
                0x00000000080022cc                SPI2_IRQHandler
                0x00000000080022cc                OTG_HS_EP1_IN_IRQHandler
                0x00000000080022cc                DMA1_Stream0_IRQHandler
                0x00000000080022cc                CAN1_TX_IRQHandler
                0x00000000080022cc                EXTI4_IRQHandler
                0x00000000080022cc                FSMC_IRQHandler
                0x00000000080022cc                OTG_HS_EP1_OUT_IRQHandler
                0x00000000080022cc                WWDG_IRQHandler
                0x00000000080022cc                TIM2_IRQHandler
                0x00000000080022cc                OTG_FS_WKUP_IRQHandler
                0x00000000080022cc                TIM1_TRG_COM_TIM11_IRQHandler
                0x00000000080022cc                OTG_HS_IRQHandler
                0x00000000080022cc                EXTI1_IRQHandler
                0x00000000080022cc                USART2_IRQHandler
                0x00000000080022cc                I2C2_ER_IRQHandler
                0x00000000080022cc                DMA2_Stream1_IRQHandler
                0x00000000080022cc                CAN1_SCE_IRQHandler
                0x00000000080022cc                FLASH_IRQHandler
                0x00000000080022cc                DMA2_Stream4_IRQHandler
                0x00000000080022cc                USART1_IRQHandler
                0x00000000080022cc                OTG_FS_IRQHandler
                0x00000000080022cc                SPI3_IRQHandler
                0x00000000080022cc                DMA1_Stream4_IRQHandler
                0x00000000080022cc                I2C1_ER_IRQHandler
                0x00000000080022cc                DMA2_Stream6_IRQHandler
                0x00000000080022cc                DMA1_Stream3_IRQHandler
 *fill*         0x00000000080022ce        0x2 
 .text.HAL_Init
                0x00000000080022d0       0x44 ./Drivers/STM32F4xx_HAL_Driver/Src/stm32f4xx_hal.o
                0x00000000080022d0                HAL_Init
 .text.HAL_InitTick
                0x0000000008002314       0x60 ./Drivers/STM32F4xx_HAL_Driver/Src/stm32f4xx_hal.o
                0x0000000008002314                HAL_InitTick
 .text.HAL_IncTick
                0x0000000008002374       0x28 ./Drivers/STM32F4xx_HAL_Driver/Src/stm32f4xx_hal.o
                0x0000000008002374                HAL_IncTick
 .text.HAL_GetTick
                0x000000000800239c       0x18 ./Drivers/STM32F4xx_HAL_Driver/Src/stm32f4xx_hal.o
                0x000000000800239c                HAL_GetTick
 .text.HAL_Delay
                0x00000000080023b4       0x48 ./Drivers/STM32F4xx_HAL_Driver/Src/stm32f4xx_hal.o
                0x00000000080023b4                HAL_Delay
 .text.__NVIC_SetPriorityGrouping
                0x00000000080023fc       0x48 ./Drivers/STM32F4xx_HAL_Driver/Src/stm32f4xx_hal_cortex.o
 .text.__NVIC_GetPriorityGrouping
                0x0000000008002444       0x1c ./Drivers/STM32F4xx_HAL_Driver/Src/stm32f4xx_hal_cortex.o
 .text.__NVIC_EnableIRQ
                0x0000000008002460       0x3c ./Drivers/STM32F4xx_HAL_Driver/Src/stm32f4xx_hal_cortex.o
 .text.__NVIC_SetPriority
                0x000000000800249c       0x54 ./Drivers/STM32F4xx_HAL_Driver/Src/stm32f4xx_hal_cortex.o
 .text.NVIC_EncodePriority
                0x00000000080024f0       0x66 ./Drivers/STM32F4xx_HAL_Driver/Src/stm32f4xx_hal_cortex.o
 *fill*         0x0000000008002556        0x2 
 .text.SysTick_Config
                0x0000000008002558       0x44 ./Drivers/STM32F4xx_HAL_Driver/Src/stm32f4xx_hal_cortex.o
 .text.HAL_NVIC_SetPriorityGrouping
                0x000000000800259c       0x16 ./Drivers/STM32F4xx_HAL_Driver/Src/stm32f4xx_hal_cortex.o
                0x000000000800259c                HAL_NVIC_SetPriorityGrouping
 .text.HAL_NVIC_SetPriority
                0x00000000080025b2       0x38 ./Drivers/STM32F4xx_HAL_Driver/Src/stm32f4xx_hal_cortex.o
                0x00000000080025b2                HAL_NVIC_SetPriority
 .text.HAL_NVIC_EnableIRQ
                0x00000000080025ea       0x1c ./Drivers/STM32F4xx_HAL_Driver/Src/stm32f4xx_hal_cortex.o
                0x00000000080025ea                HAL_NVIC_EnableIRQ
 .text.HAL_SYSTICK_Config
                0x0000000008002606       0x18 ./Drivers/STM32F4xx_HAL_Driver/Src/stm32f4xx_hal_cortex.o
                0x0000000008002606                HAL_SYSTICK_Config
 .text.HAL_DMA_Abort
                0x000000000800261e       0xe0 ./Drivers/STM32F4xx_HAL_Driver/Src/stm32f4xx_hal_dma.o
                0x000000000800261e                HAL_DMA_Abort
 .text.HAL_DMA_Abort_IT
                0x00000000080026fe       0x44 ./Drivers/STM32F4xx_HAL_Driver/Src/stm32f4xx_hal_dma.o
                0x00000000080026fe                HAL_DMA_Abort_IT
 *fill*         0x0000000008002742        0x2 
 .text.HAL_GPIO_Init
                0x0000000008002744      0x338 ./Drivers/STM32F4xx_HAL_Driver/Src/stm32f4xx_hal_gpio.o
                0x0000000008002744                HAL_GPIO_Init
 .text.HAL_GPIO_WritePin
                0x0000000008002a7c       0x32 ./Drivers/STM32F4xx_HAL_Driver/Src/stm32f4xx_hal_gpio.o
                0x0000000008002a7c                HAL_GPIO_WritePin
 *fill*         0x0000000008002aae        0x2 
 .text.HAL_RCC_OscConfig
                0x0000000008002ab0      0x4f0 ./Drivers/STM32F4xx_HAL_Driver/Src/stm32f4xx_hal_rcc.o
                0x0000000008002ab0                HAL_RCC_OscConfig
 .text.HAL_RCC_ClockConfig
                0x0000000008002fa0      0x1cc ./Drivers/STM32F4xx_HAL_Driver/Src/stm32f4xx_hal_rcc.o
                0x0000000008002fa0                HAL_RCC_ClockConfig
 .text.HAL_RCC_GetSysClockFreq
                0x000000000800316c      0x20c ./Drivers/STM32F4xx_HAL_Driver/Src/stm32f4xx_hal_rcc.o
                0x000000000800316c                HAL_RCC_GetSysClockFreq
 .text.HAL_RCC_GetHCLKFreq
                0x0000000008003378       0x18 ./Drivers/STM32F4xx_HAL_Driver/Src/stm32f4xx_hal_rcc.o
                0x0000000008003378                HAL_RCC_GetHCLKFreq
 .text.HAL_RCC_GetPCLK1Freq
                0x0000000008003390       0x28 ./Drivers/STM32F4xx_HAL_Driver/Src/stm32f4xx_hal_rcc.o
                0x0000000008003390                HAL_RCC_GetPCLK1Freq
 .text.HAL_RCC_GetPCLK2Freq
                0x00000000080033b8       0x28 ./Drivers/STM32F4xx_HAL_Driver/Src/stm32f4xx_hal_rcc.o
                0x00000000080033b8                HAL_RCC_GetPCLK2Freq
 .text.HAL_TIM_Base_Init
                0x00000000080033e0       0x9e ./Drivers/STM32F4xx_HAL_Driver/Src/stm32f4xx_hal_tim.o
                0x00000000080033e0                HAL_TIM_Base_Init
 *fill*         0x000000000800347e        0x2 
 .text.HAL_TIM_Base_Start_IT
                0x0000000008003480       0xe0 ./Drivers/STM32F4xx_HAL_Driver/Src/stm32f4xx_hal_tim.o
                0x0000000008003480                HAL_TIM_Base_Start_IT
 .text.HAL_TIM_Base_Stop_IT
                0x0000000008003560       0x5e ./Drivers/STM32F4xx_HAL_Driver/Src/stm32f4xx_hal_tim.o
                0x0000000008003560                HAL_TIM_Base_Stop_IT
 .text.HAL_TIM_IRQHandler
                0x00000000080035be      0x1e0 ./Drivers/STM32F4xx_HAL_Driver/Src/stm32f4xx_hal_tim.o
                0x00000000080035be                HAL_TIM_IRQHandler
 .text.HAL_TIM_PeriodElapsedCallback
                0x000000000800379e       0x14 ./Drivers/STM32F4xx_HAL_Driver/Src/stm32f4xx_hal_tim.o
                0x000000000800379e                HAL_TIM_PeriodElapsedCallback
 .text.HAL_TIM_OC_DelayElapsedCallback
                0x00000000080037b2       0x14 ./Drivers/STM32F4xx_HAL_Driver/Src/stm32f4xx_hal_tim.o
                0x00000000080037b2                HAL_TIM_OC_DelayElapsedCallback
 .text.HAL_TIM_IC_CaptureCallback
                0x00000000080037c6       0x14 ./Drivers/STM32F4xx_HAL_Driver/Src/stm32f4xx_hal_tim.o
                0x00000000080037c6                HAL_TIM_IC_CaptureCallback
 .text.HAL_TIM_PWM_PulseFinishedCallback
                0x00000000080037da       0x14 ./Drivers/STM32F4xx_HAL_Driver/Src/stm32f4xx_hal_tim.o
                0x00000000080037da                HAL_TIM_PWM_PulseFinishedCallback
 .text.HAL_TIM_TriggerCallback
                0x00000000080037ee       0x14 ./Drivers/STM32F4xx_HAL_Driver/Src/stm32f4xx_hal_tim.o
                0x00000000080037ee                HAL_TIM_TriggerCallback
 *fill*         0x0000000008003802        0x2 
 .text.TIM_Base_SetConfig
                0x0000000008003804      0x158 ./Drivers/STM32F4xx_HAL_Driver/Src/stm32f4xx_hal_tim.o
                0x0000000008003804                TIM_Base_SetConfig
 .text.HAL_TIMEx_MasterConfigSynchronization
                0x000000000800395c       0xf8 ./Drivers/STM32F4xx_HAL_Driver/Src/stm32f4xx_hal_tim_ex.o
                0x000000000800395c                HAL_TIMEx_MasterConfigSynchronization
 .text.HAL_TIMEx_CommutCallback
                0x0000000008003a54       0x14 ./Drivers/STM32F4xx_HAL_Driver/Src/stm32f4xx_hal_tim_ex.o
                0x0000000008003a54                HAL_TIMEx_CommutCallback
 .text.HAL_TIMEx_BreakCallback
                0x0000000008003a68       0x14 ./Drivers/STM32F4xx_HAL_Driver/Src/stm32f4xx_hal_tim_ex.o
                0x0000000008003a68                HAL_TIMEx_BreakCallback
 .text.HAL_UART_Init
                0x0000000008003a7c       0xa0 ./Drivers/STM32F4xx_HAL_Driver/Src/stm32f4xx_hal_uart.o
                0x0000000008003a7c                HAL_UART_Init
 .text.HAL_UART_Transmit
                0x0000000008003b1c      0x116 ./Drivers/STM32F4xx_HAL_Driver/Src/stm32f4xx_hal_uart.o
                0x0000000008003b1c                HAL_UART_Transmit
 *fill*         0x0000000008003c32        0x2 
 .text.HAL_UART_IRQHandler
                0x0000000008003c34      0x524 ./Drivers/STM32F4xx_HAL_Driver/Src/stm32f4xx_hal_uart.o
                0x0000000008003c34                HAL_UART_IRQHandler
 .text.HAL_UART_TxCpltCallback
                0x0000000008004158       0x14 ./Drivers/STM32F4xx_HAL_Driver/Src/stm32f4xx_hal_uart.o
                0x0000000008004158                HAL_UART_TxCpltCallback
 .text.HAL_UART_RxCpltCallback
                0x000000000800416c       0x14 ./Drivers/STM32F4xx_HAL_Driver/Src/stm32f4xx_hal_uart.o
                0x000000000800416c                HAL_UART_RxCpltCallback
 .text.HAL_UART_ErrorCallback
                0x0000000008004180       0x14 ./Drivers/STM32F4xx_HAL_Driver/Src/stm32f4xx_hal_uart.o
                0x0000000008004180                HAL_UART_ErrorCallback
 .text.HAL_UARTEx_RxEventCallback
                0x0000000008004194       0x18 ./Drivers/STM32F4xx_HAL_Driver/Src/stm32f4xx_hal_uart.o
                0x0000000008004194                HAL_UARTEx_RxEventCallback
 .text.UART_WaitOnFlagUntilTimeout
                0x00000000080041ac       0xb2 ./Drivers/STM32F4xx_HAL_Driver/Src/stm32f4xx_hal_uart.o
 .text.UART_EndRxTransfer
                0x000000000800425e       0xc6 ./Drivers/STM32F4xx_HAL_Driver/Src/stm32f4xx_hal_uart.o
 .text.UART_DMAAbortOnError
                0x0000000008004324       0x28 ./Drivers/STM32F4xx_HAL_Driver/Src/stm32f4xx_hal_uart.o
 .text.UART_Transmit_IT
                0x000000000800434c       0xa0 ./Drivers/STM32F4xx_HAL_Driver/Src/stm32f4xx_hal_uart.o
 .text.UART_EndTransmit_IT
                0x00000000080043ec       0x30 ./Drivers/STM32F4xx_HAL_Driver/Src/stm32f4xx_hal_uart.o
 .text.UART_Receive_IT
                0x000000000800441c      0x17c ./Drivers/STM32F4xx_HAL_Driver/Src/stm32f4xx_hal_uart.o
 .text.UART_SetConfig
                0x0000000008004598      0x4e8 ./Drivers/STM32F4xx_HAL_Driver/Src/stm32f4xx_hal_uart.o
 .text.LL_GPIO_SetPinMode
                0x0000000008004a80       0x7a ./Drivers/STM32F4xx_HAL_Driver/Src/stm32f4xx_ll_gpio.o
 .text.LL_GPIO_SetPinOutputType
                0x0000000008004afa       0x30 ./Drivers/STM32F4xx_HAL_Driver/Src/stm32f4xx_ll_gpio.o
 .text.LL_GPIO_SetPinSpeed
                0x0000000008004b2a       0x7a ./Drivers/STM32F4xx_HAL_Driver/Src/stm32f4xx_ll_gpio.o
 .text.LL_GPIO_SetPinPull
                0x0000000008004ba4       0x7a ./Drivers/STM32F4xx_HAL_Driver/Src/stm32f4xx_ll_gpio.o
 .text.LL_GPIO_SetAFPin_0_7
                0x0000000008004c1e       0x7a ./Drivers/STM32F4xx_HAL_Driver/Src/stm32f4xx_ll_gpio.o
 .text.LL_GPIO_SetAFPin_8_15
                0x0000000008004c98       0x7e ./Drivers/STM32F4xx_HAL_Driver/Src/stm32f4xx_ll_gpio.o
 .text.LL_GPIO_Init
                0x0000000008004d16      0x102 ./Drivers/STM32F4xx_HAL_Driver/Src/stm32f4xx_ll_gpio.o
                0x0000000008004d16                LL_GPIO_Init
 .text.LL_SPI_IsEnabled
                0x0000000008004e18       0x26 ./Drivers/STM32F4xx_HAL_Driver/Src/stm32f4xx_ll_spi.o
 .text.LL_SPI_SetCRCPolynomial
                0x0000000008004e3e       0x20 ./Drivers/STM32F4xx_HAL_Driver/Src/stm32f4xx_ll_spi.o
 .text.LL_SPI_Init
                0x0000000008004e5e       0xa4 ./Drivers/STM32F4xx_HAL_Driver/Src/stm32f4xx_ll_spi.o
                0x0000000008004e5e                LL_SPI_Init
 .text.makeFreeRtosPriority
                0x0000000008004f02       0x30 ./Middlewares/Third_Party/FreeRTOS/Source/CMSIS_RTOS/cmsis_os.o
 .text.osKernelStart
                0x0000000008004f32        0xe ./Middlewares/Third_Party/FreeRTOS/Source/CMSIS_RTOS/cmsis_os.o
                0x0000000008004f32                osKernelStart
 .text.osThreadCreate
                0x0000000008004f40       0x98 ./Middlewares/Third_Party/FreeRTOS/Source/CMSIS_RTOS/cmsis_os.o
                0x0000000008004f40                osThreadCreate
 .text.osDelay  0x0000000008004fd8       0x28 ./Middlewares/Third_Party/FreeRTOS/Source/CMSIS_RTOS/cmsis_os.o
                0x0000000008004fd8                osDelay
 .text.vListInitialise
                0x0000000008005000       0x40 ./Middlewares/Third_Party/FreeRTOS/Source/list.o
                0x0000000008005000                vListInitialise
 .text.vListInitialiseItem
                0x0000000008005040       0x1a ./Middlewares/Third_Party/FreeRTOS/Source/list.o
                0x0000000008005040                vListInitialiseItem
 .text.vListInsertEnd
                0x000000000800505a       0x48 ./Middlewares/Third_Party/FreeRTOS/Source/list.o
                0x000000000800505a                vListInsertEnd
 .text.vListInsert
                0x00000000080050a2       0x72 ./Middlewares/Third_Party/FreeRTOS/Source/list.o
                0x00000000080050a2                vListInsert
 .text.uxListRemove
                0x0000000008005114       0x54 ./Middlewares/Third_Party/FreeRTOS/Source/list.o
                0x0000000008005114                uxListRemove
 .text.xTaskCreateStatic
                0x0000000008005168       0xba ./Middlewares/Third_Party/FreeRTOS/Source/tasks.o
                0x0000000008005168                xTaskCreateStatic
 .text.xTaskCreate
                0x0000000008005222       0x8a ./Middlewares/Third_Party/FreeRTOS/Source/tasks.o
                0x0000000008005222                xTaskCreate
 .text.prvInitialiseNewTask
                0x00000000080052ac      0x13c ./Middlewares/Third_Party/FreeRTOS/Source/tasks.o
 .text.prvAddNewTaskToReadyList
                0x00000000080053e8       0xd4 ./Middlewares/Third_Party/FreeRTOS/Source/tasks.o
 .text.vTaskDelay
                0x00000000080054bc       0x68 ./Middlewares/Third_Party/FreeRTOS/Source/tasks.o
                0x00000000080054bc                vTaskDelay
 .text.vTaskStartScheduler
                0x0000000008005524       0xd4 ./Middlewares/Third_Party/FreeRTOS/Source/tasks.o
                0x0000000008005524                vTaskStartScheduler
 .text.vTaskSuspendAll
                0x00000000080055f8       0x1c ./Middlewares/Third_Party/FreeRTOS/Source/tasks.o
                0x00000000080055f8                vTaskSuspendAll
 .text.xTaskResumeAll
                0x0000000008005614      0x138 ./Middlewares/Third_Party/FreeRTOS/Source/tasks.o
                0x0000000008005614                xTaskResumeAll
 .text.xTaskIncrementTick
                0x000000000800574c      0x170 ./Middlewares/Third_Party/FreeRTOS/Source/tasks.o
                0x000000000800574c                xTaskIncrementTick
 .text.vTaskSwitchContext
                0x00000000080058bc       0xc4 ./Middlewares/Third_Party/FreeRTOS/Source/tasks.o
                0x00000000080058bc                vTaskSwitchContext
 .text.prvIdleTask
                0x0000000008005980       0x30 ./Middlewares/Third_Party/FreeRTOS/Source/tasks.o
 .text.prvInitialiseTaskLists
                0x00000000080059b0       0x80 ./Middlewares/Third_Party/FreeRTOS/Source/tasks.o
 .text.prvCheckTasksWaitingTermination
                0x0000000008005a30       0x5c ./Middlewares/Third_Party/FreeRTOS/Source/tasks.o
 .text.prvDeleteTCB
                0x0000000008005a8c       0x68 ./Middlewares/Third_Party/FreeRTOS/Source/tasks.o
 .text.prvResetNextTaskUnblockTime
                0x0000000008005af4       0x40 ./Middlewares/Third_Party/FreeRTOS/Source/tasks.o
 .text.xTaskGetSchedulerState
                0x0000000008005b34       0x3c ./Middlewares/Third_Party/FreeRTOS/Source/tasks.o
                0x0000000008005b34                xTaskGetSchedulerState
 .text.prvAddCurrentTaskToDelayedList
                0x0000000008005b70       0xcc ./Middlewares/Third_Party/FreeRTOS/Source/tasks.o
 .text.pxPortInitialiseStack
                0x0000000008005c3c       0x68 ./Middlewares/Third_Party/FreeRTOS/Source/portable/GCC/ARM_CM4F/port.o
                0x0000000008005c3c                pxPortInitialiseStack
 .text.prvTaskExitError
                0x0000000008005ca4       0x58 ./Middlewares/Third_Party/FreeRTOS/Source/portable/GCC/ARM_CM4F/port.o
 *fill*         0x0000000008005cfc        0x4 
 .text.SVC_Handler
                0x0000000008005d00       0x28 ./Middlewares/Third_Party/FreeRTOS/Source/portable/GCC/ARM_CM4F/port.o
                0x0000000008005d00                SVC_Handler
 .text.prvPortStartFirstTask
                0x0000000008005d28       0x28 ./Middlewares/Third_Party/FreeRTOS/Source/portable/GCC/ARM_CM4F/port.o
 .text.xPortStartScheduler
                0x0000000008005d50      0x144 ./Middlewares/Third_Party/FreeRTOS/Source/portable/GCC/ARM_CM4F/port.o
                0x0000000008005d50                xPortStartScheduler
 .text.vPortEnterCritical
                0x0000000008005e94       0x60 ./Middlewares/Third_Party/FreeRTOS/Source/portable/GCC/ARM_CM4F/port.o
                0x0000000008005e94                vPortEnterCritical
 .text.vPortExitCritical
                0x0000000008005ef4       0x54 ./Middlewares/Third_Party/FreeRTOS/Source/portable/GCC/ARM_CM4F/port.o
                0x0000000008005ef4                vPortExitCritical
 *fill*         0x0000000008005f48        0x8 
 .text.PendSV_Handler
                0x0000000008005f50       0x68 ./Middlewares/Third_Party/FreeRTOS/Source/portable/GCC/ARM_CM4F/port.o
                0x0000000008005f50                PendSV_Handler
 .text.xPortSysTickHandler
                0x0000000008005fb8       0x44 ./Middlewares/Third_Party/FreeRTOS/Source/portable/GCC/ARM_CM4F/port.o
                0x0000000008005fb8                xPortSysTickHandler
 .text.vPortSetupTimerInterrupt
                0x0000000008005ffc       0x48 ./Middlewares/Third_Party/FreeRTOS/Source/portable/GCC/ARM_CM4F/port.o
                0x0000000008005ffc                vPortSetupTimerInterrupt
 .text.vPortEnableVFP
                0x0000000008006044       0x14 ./Middlewares/Third_Party/FreeRTOS/Source/portable/GCC/ARM_CM4F/port.o
 .text.pvPortMalloc
                0x0000000008006058      0x198 ./Middlewares/Third_Party/FreeRTOS/Source/portable/MemMang/heap_4.o
                0x0000000008006058                pvPortMalloc
 .text.vPortFree
                0x00000000080061f0       0xc4 ./Middlewares/Third_Party/FreeRTOS/Source/portable/MemMang/heap_4.o
                0x00000000080061f0                vPortFree
 .text.prvHeapInit
                0x00000000080062b4       0xc4 ./Middlewares/Third_Party/FreeRTOS/Source/portable/MemMang/heap_4.o
 .text.prvInsertBlockIntoFreeList
                0x0000000008006378       0xb4 ./Middlewares/Third_Party/FreeRTOS/Source/portable/MemMang/heap_4.o
 .text.__cvt    0x000000000800642c       0xc4 /home/swift/st/stm32cubeide_1.14.0/plugins/com.st.stm32cube.ide.mcu.externaltools.gnu-tools-for-stm32.11.3.rel1.linux64_1.1.100.202309141235/tools/bin/../lib/gcc/arm-none-eabi/11.3.1/../../../../arm-none-eabi/lib/thumb/v7e-m+fp/hard/libc_nano.a(libc_a-nano-vfprintf_float.o)
                0x000000000800642c                __cvt
 .text.__exponent
                0x00000000080064f0       0x7c /home/swift/st/stm32cubeide_1.14.0/plugins/com.st.stm32cube.ide.mcu.externaltools.gnu-tools-for-stm32.11.3.rel1.linux64_1.1.100.202309141235/tools/bin/../lib/gcc/arm-none-eabi/11.3.1/../../../../arm-none-eabi/lib/thumb/v7e-m+fp/hard/libc_nano.a(libc_a-nano-vfprintf_float.o)
                0x00000000080064f0                __exponent
 .text._printf_float
                0x000000000800656c      0x46c /home/swift/st/stm32cubeide_1.14.0/plugins/com.st.stm32cube.ide.mcu.externaltools.gnu-tools-for-stm32.11.3.rel1.linux64_1.1.100.202309141235/tools/bin/../lib/gcc/arm-none-eabi/11.3.1/../../../../arm-none-eabi/lib/thumb/v7e-m+fp/hard/libc_nano.a(libc_a-nano-vfprintf_float.o)
                0x000000000800656c                _printf_float
 .text._printf_common
                0x00000000080069d8       0xda /home/swift/st/stm32cubeide_1.14.0/plugins/com.st.stm32cube.ide.mcu.externaltools.gnu-tools-for-stm32.11.3.rel1.linux64_1.1.100.202309141235/tools/bin/../lib/gcc/arm-none-eabi/11.3.1/../../../../arm-none-eabi/lib/thumb/v7e-m+fp/hard/libc_nano.a(libc_a-nano-vfprintf_i.o)
                0x00000000080069d8                _printf_common
 *fill*         0x0000000008006ab2        0x2 
 .text._printf_i
                0x0000000008006ab4      0x244 /home/swift/st/stm32cubeide_1.14.0/plugins/com.st.stm32cube.ide.mcu.externaltools.gnu-tools-for-stm32.11.3.rel1.linux64_1.1.100.202309141235/tools/bin/../lib/gcc/arm-none-eabi/11.3.1/../../../../arm-none-eabi/lib/thumb/v7e-m+fp/hard/libc_nano.a(libc_a-nano-vfprintf_i.o)
                0x0000000008006ab4                _printf_i
 .text.__sflush_r
                0x0000000008006cf8      0x10c /home/swift/st/stm32cubeide_1.14.0/plugins/com.st.stm32cube.ide.mcu.externaltools.gnu-tools-for-stm32.11.3.rel1.linux64_1.1.100.202309141235/tools/bin/../lib/gcc/arm-none-eabi/11.3.1/../../../../arm-none-eabi/lib/thumb/v7e-m+fp/hard/libc_nano.a(libc_a-fflush.o)
                0x0000000008006cf8                __sflush_r
 .text._fflush_r
                0x0000000008006e04       0x50 /home/swift/st/stm32cubeide_1.14.0/plugins/com.st.stm32cube.ide.mcu.externaltools.gnu-tools-for-stm32.11.3.rel1.linux64_1.1.100.202309141235/tools/bin/../lib/gcc/arm-none-eabi/11.3.1/../../../../arm-none-eabi/lib/thumb/v7e-m+fp/hard/libc_nano.a(libc_a-fflush.o)
                0x0000000008006e04                _fflush_r
 .text.std      0x0000000008006e54       0x6c /home/swift/st/stm32cubeide_1.14.0/plugins/com.st.stm32cube.ide.mcu.externaltools.gnu-tools-for-stm32.11.3.rel1.linux64_1.1.100.202309141235/tools/bin/../lib/gcc/arm-none-eabi/11.3.1/../../../../arm-none-eabi/lib/thumb/v7e-m+fp/hard/libc_nano.a(libc_a-findfp.o)
 .text.stdio_exit_handler
                0x0000000008006ec0       0x18 /home/swift/st/stm32cubeide_1.14.0/plugins/com.st.stm32cube.ide.mcu.externaltools.gnu-tools-for-stm32.11.3.rel1.linux64_1.1.100.202309141235/tools/bin/../lib/gcc/arm-none-eabi/11.3.1/../../../../arm-none-eabi/lib/thumb/v7e-m+fp/hard/libc_nano.a(libc_a-findfp.o)
 .text.cleanup_stdio
                0x0000000008006ed8       0x40 /home/swift/st/stm32cubeide_1.14.0/plugins/com.st.stm32cube.ide.mcu.externaltools.gnu-tools-for-stm32.11.3.rel1.linux64_1.1.100.202309141235/tools/bin/../lib/gcc/arm-none-eabi/11.3.1/../../../../arm-none-eabi/lib/thumb/v7e-m+fp/hard/libc_nano.a(libc_a-findfp.o)
 .text.global_stdio_init.part.0
                0x0000000008006f18       0x3c /home/swift/st/stm32cubeide_1.14.0/plugins/com.st.stm32cube.ide.mcu.externaltools.gnu-tools-for-stm32.11.3.rel1.linux64_1.1.100.202309141235/tools/bin/../lib/gcc/arm-none-eabi/11.3.1/../../../../arm-none-eabi/lib/thumb/v7e-m+fp/hard/libc_nano.a(libc_a-findfp.o)
 .text.__sfp_lock_acquire
                0x0000000008006f54        0xc /home/swift/st/stm32cubeide_1.14.0/plugins/com.st.stm32cube.ide.mcu.externaltools.gnu-tools-for-stm32.11.3.rel1.linux64_1.1.100.202309141235/tools/bin/../lib/gcc/arm-none-eabi/11.3.1/../../../../arm-none-eabi/lib/thumb/v7e-m+fp/hard/libc_nano.a(libc_a-findfp.o)
                0x0000000008006f54                __sfp_lock_acquire
 .text.__sfp_lock_release
                0x0000000008006f60        0xc /home/swift/st/stm32cubeide_1.14.0/plugins/com.st.stm32cube.ide.mcu.externaltools.gnu-tools-for-stm32.11.3.rel1.linux64_1.1.100.202309141235/tools/bin/../lib/gcc/arm-none-eabi/11.3.1/../../../../arm-none-eabi/lib/thumb/v7e-m+fp/hard/libc_nano.a(libc_a-findfp.o)
                0x0000000008006f60                __sfp_lock_release
 .text.__sinit  0x0000000008006f6c       0x30 /home/swift/st/stm32cubeide_1.14.0/plugins/com.st.stm32cube.ide.mcu.externaltools.gnu-tools-for-stm32.11.3.rel1.linux64_1.1.100.202309141235/tools/bin/../lib/gcc/arm-none-eabi/11.3.1/../../../../arm-none-eabi/lib/thumb/v7e-m+fp/hard/libc_nano.a(libc_a-findfp.o)
                0x0000000008006f6c                __sinit
 .text._fwalk_sglue
                0x0000000008006f9c       0x3c /home/swift/st/stm32cubeide_1.14.0/plugins/com.st.stm32cube.ide.mcu.externaltools.gnu-tools-for-stm32.11.3.rel1.linux64_1.1.100.202309141235/tools/bin/../lib/gcc/arm-none-eabi/11.3.1/../../../../arm-none-eabi/lib/thumb/v7e-m+fp/hard/libc_nano.a(libc_a-fwalk.o)
                0x0000000008006f9c                _fwalk_sglue
 .text.printf   0x0000000008006fd8       0x24 /home/swift/st/stm32cubeide_1.14.0/plugins/com.st.stm32cube.ide.mcu.externaltools.gnu-tools-for-stm32.11.3.rel1.linux64_1.1.100.202309141235/tools/bin/../lib/gcc/arm-none-eabi/11.3.1/../../../../arm-none-eabi/lib/thumb/v7e-m+fp/hard/libc_nano.a(libc_a-printf.o)
                0x0000000008006fd8                printf
                0x0000000008006fd8                iprintf
 .text._puts_r  0x0000000008006ffc       0xa8 /home/swift/st/stm32cubeide_1.14.0/plugins/com.st.stm32cube.ide.mcu.externaltools.gnu-tools-for-stm32.11.3.rel1.linux64_1.1.100.202309141235/tools/bin/../lib/gcc/arm-none-eabi/11.3.1/../../../../arm-none-eabi/lib/thumb/v7e-m+fp/hard/libc_nano.a(libc_a-puts.o)
                0x0000000008006ffc                _puts_r
 .text.puts     0x00000000080070a4       0x10 /home/swift/st/stm32cubeide_1.14.0/plugins/com.st.stm32cube.ide.mcu.externaltools.gnu-tools-for-stm32.11.3.rel1.linux64_1.1.100.202309141235/tools/bin/../lib/gcc/arm-none-eabi/11.3.1/../../../../arm-none-eabi/lib/thumb/v7e-m+fp/hard/libc_nano.a(libc_a-puts.o)
                0x00000000080070a4                puts
 .text.__sread  0x00000000080070b4       0x22 /home/swift/st/stm32cubeide_1.14.0/plugins/com.st.stm32cube.ide.mcu.externaltools.gnu-tools-for-stm32.11.3.rel1.linux64_1.1.100.202309141235/tools/bin/../lib/gcc/arm-none-eabi/11.3.1/../../../../arm-none-eabi/lib/thumb/v7e-m+fp/hard/libc_nano.a(libc_a-stdio.o)
                0x00000000080070b4                __sread
 .text.__swrite
                0x00000000080070d6       0x38 /home/swift/st/stm32cubeide_1.14.0/plugins/com.st.stm32cube.ide.mcu.externaltools.gnu-tools-for-stm32.11.3.rel1.linux64_1.1.100.202309141235/tools/bin/../lib/gcc/arm-none-eabi/11.3.1/../../../../arm-none-eabi/lib/thumb/v7e-m+fp/hard/libc_nano.a(libc_a-stdio.o)
                0x00000000080070d6                __swrite
 .text.__sseek  0x000000000800710e       0x24 /home/swift/st/stm32cubeide_1.14.0/plugins/com.st.stm32cube.ide.mcu.externaltools.gnu-tools-for-stm32.11.3.rel1.linux64_1.1.100.202309141235/tools/bin/../lib/gcc/arm-none-eabi/11.3.1/../../../../arm-none-eabi/lib/thumb/v7e-m+fp/hard/libc_nano.a(libc_a-stdio.o)
                0x000000000800710e                __sseek
 .text.__sclose
                0x0000000008007132        0x8 /home/swift/st/stm32cubeide_1.14.0/plugins/com.st.stm32cube.ide.mcu.externaltools.gnu-tools-for-stm32.11.3.rel1.linux64_1.1.100.202309141235/tools/bin/../lib/gcc/arm-none-eabi/11.3.1/../../../../arm-none-eabi/lib/thumb/v7e-m+fp/hard/libc_nano.a(libc_a-stdio.o)
                0x0000000008007132                __sclose
 .text.__swbuf_r
                0x000000000800713a       0x7a /home/swift/st/stm32cubeide_1.14.0/plugins/com.st.stm32cube.ide.mcu.externaltools.gnu-tools-for-stm32.11.3.rel1.linux64_1.1.100.202309141235/tools/bin/../lib/gcc/arm-none-eabi/11.3.1/../../../../arm-none-eabi/lib/thumb/v7e-m+fp/hard/libc_nano.a(libc_a-wbuf.o)
                0x000000000800713a                __swbuf_r
 .text.__swsetup_r
                0x00000000080071b4       0xb0 /home/swift/st/stm32cubeide_1.14.0/plugins/com.st.stm32cube.ide.mcu.externaltools.gnu-tools-for-stm32.11.3.rel1.linux64_1.1.100.202309141235/tools/bin/../lib/gcc/arm-none-eabi/11.3.1/../../../../arm-none-eabi/lib/thumb/v7e-m+fp/hard/libc_nano.a(libc_a-wsetup.o)
                0x00000000080071b4                __swsetup_r
 .text.memset   0x0000000008007264       0x10 /home/swift/st/stm32cubeide_1.14.0/plugins/com.st.stm32cube.ide.mcu.externaltools.gnu-tools-for-stm32.11.3.rel1.linux64_1.1.100.202309141235/tools/bin/../lib/gcc/arm-none-eabi/11.3.1/../../../../arm-none-eabi/lib/thumb/v7e-m+fp/hard/libc_nano.a(libc_a-memset.o)
                0x0000000008007264                memset
 .text.strncpy  0x0000000008007274       0x26 /home/swift/st/stm32cubeide_1.14.0/plugins/com.st.stm32cube.ide.mcu.externaltools.gnu-tools-for-stm32.11.3.rel1.linux64_1.1.100.202309141235/tools/bin/../lib/gcc/arm-none-eabi/11.3.1/../../../../arm-none-eabi/lib/thumb/v7e-m+fp/hard/libc_nano.a(libc_a-strncpy.o)
                0x0000000008007274                strncpy
 *fill*         0x000000000800729a        0x2 
 .text._localeconv_r
                0x000000000800729c        0x8 /home/swift/st/stm32cubeide_1.14.0/plugins/com.st.stm32cube.ide.mcu.externaltools.gnu-tools-for-stm32.11.3.rel1.linux64_1.1.100.202309141235/tools/bin/../lib/gcc/arm-none-eabi/11.3.1/../../../../arm-none-eabi/lib/thumb/v7e-m+fp/hard/libc_nano.a(libc_a-localeconv.o)
                0x000000000800729c                _localeconv_r
 .text._close_r
                0x00000000080072a4       0x20 /home/swift/st/stm32cubeide_1.14.0/plugins/com.st.stm32cube.ide.mcu.externaltools.gnu-tools-for-stm32.11.3.rel1.linux64_1.1.100.202309141235/tools/bin/../lib/gcc/arm-none-eabi/11.3.1/../../../../arm-none-eabi/lib/thumb/v7e-m+fp/hard/libc_nano.a(libc_a-closer.o)
                0x00000000080072a4                _close_r
 .text._reclaim_reent
                0x00000000080072c4       0xac /home/swift/st/stm32cubeide_1.14.0/plugins/com.st.stm32cube.ide.mcu.externaltools.gnu-tools-for-stm32.11.3.rel1.linux64_1.1.100.202309141235/tools/bin/../lib/gcc/arm-none-eabi/11.3.1/../../../../arm-none-eabi/lib/thumb/v7e-m+fp/hard/libc_nano.a(libc_a-reent.o)
                0x00000000080072c4                _reclaim_reent
 .text._lseek_r
                0x0000000008007370       0x24 /home/swift/st/stm32cubeide_1.14.0/plugins/com.st.stm32cube.ide.mcu.externaltools.gnu-tools-for-stm32.11.3.rel1.linux64_1.1.100.202309141235/tools/bin/../lib/gcc/arm-none-eabi/11.3.1/../../../../arm-none-eabi/lib/thumb/v7e-m+fp/hard/libc_nano.a(libc_a-lseekr.o)
                0x0000000008007370                _lseek_r
 .text._read_r  0x0000000008007394       0x24 /home/swift/st/stm32cubeide_1.14.0/plugins/com.st.stm32cube.ide.mcu.externaltools.gnu-tools-for-stm32.11.3.rel1.linux64_1.1.100.202309141235/tools/bin/../lib/gcc/arm-none-eabi/11.3.1/../../../../arm-none-eabi/lib/thumb/v7e-m+fp/hard/libc_nano.a(libc_a-readr.o)
                0x0000000008007394                _read_r
 .text._write_r
                0x00000000080073b8       0x24 /home/swift/st/stm32cubeide_1.14.0/plugins/com.st.stm32cube.ide.mcu.externaltools.gnu-tools-for-stm32.11.3.rel1.linux64_1.1.100.202309141235/tools/bin/../lib/gcc/arm-none-eabi/11.3.1/../../../../arm-none-eabi/lib/thumb/v7e-m+fp/hard/libc_nano.a(libc_a-writer.o)
                0x00000000080073b8                _write_r
 .text.__errno  0x00000000080073dc        0xc /home/swift/st/stm32cubeide_1.14.0/plugins/com.st.stm32cube.ide.mcu.externaltools.gnu-tools-for-stm32.11.3.rel1.linux64_1.1.100.202309141235/tools/bin/../lib/gcc/arm-none-eabi/11.3.1/../../../../arm-none-eabi/lib/thumb/v7e-m+fp/hard/libc_nano.a(libc_a-errno.o)
                0x00000000080073dc                __errno
 .text.__libc_init_array
                0x00000000080073e8       0x48 /home/swift/st/stm32cubeide_1.14.0/plugins/com.st.stm32cube.ide.mcu.externaltools.gnu-tools-for-stm32.11.3.rel1.linux64_1.1.100.202309141235/tools/bin/../lib/gcc/arm-none-eabi/11.3.1/../../../../arm-none-eabi/lib/thumb/v7e-m+fp/hard/libc_nano.a(libc_a-init.o)
                0x00000000080073e8                __libc_init_array
 .text.__retarget_lock_init_recursive
                0x0000000008007430        0x2 /home/swift/st/stm32cubeide_1.14.0/plugins/com.st.stm32cube.ide.mcu.externaltools.gnu-tools-for-stm32.11.3.rel1.linux64_1.1.100.202309141235/tools/bin/../lib/gcc/arm-none-eabi/11.3.1/../../../../arm-none-eabi/lib/thumb/v7e-m+fp/hard/libc_nano.a(libc_a-lock.o)
                0x0000000008007430                __retarget_lock_init_recursive
 .text.__retarget_lock_acquire_recursive
                0x0000000008007432        0x2 /home/swift/st/stm32cubeide_1.14.0/plugins/com.st.stm32cube.ide.mcu.externaltools.gnu-tools-for-stm32.11.3.rel1.linux64_1.1.100.202309141235/tools/bin/../lib/gcc/arm-none-eabi/11.3.1/../../../../arm-none-eabi/lib/thumb/v7e-m+fp/hard/libc_nano.a(libc_a-lock.o)
                0x0000000008007432                __retarget_lock_acquire_recursive
 .text.__retarget_lock_release_recursive
                0x0000000008007434        0x2 /home/swift/st/stm32cubeide_1.14.0/plugins/com.st.stm32cube.ide.mcu.externaltools.gnu-tools-for-stm32.11.3.rel1.linux64_1.1.100.202309141235/tools/bin/../lib/gcc/arm-none-eabi/11.3.1/../../../../arm-none-eabi/lib/thumb/v7e-m+fp/hard/libc_nano.a(libc_a-lock.o)
                0x0000000008007434                __retarget_lock_release_recursive
 .text.memcpy   0x0000000008007436       0x1c /home/swift/st/stm32cubeide_1.14.0/plugins/com.st.stm32cube.ide.mcu.externaltools.gnu-tools-for-stm32.11.3.rel1.linux64_1.1.100.202309141235/tools/bin/../lib/gcc/arm-none-eabi/11.3.1/../../../../arm-none-eabi/lib/thumb/v7e-m+fp/hard/libc_nano.a(libc_a-memcpy-stub.o)
                0x0000000008007436                memcpy
 .text.quorem   0x0000000008007452      0x110 /home/swift/st/stm32cubeide_1.14.0/plugins/com.st.stm32cube.ide.mcu.externaltools.gnu-tools-for-stm32.11.3.rel1.linux64_1.1.100.202309141235/tools/bin/../lib/gcc/arm-none-eabi/11.3.1/../../../../arm-none-eabi/lib/thumb/v7e-m+fp/hard/libc_nano.a(libc_a-dtoa.o)
 *fill*         0x0000000008007562        0x6 
 .text._dtoa_r  0x0000000008007568      0xbe4 /home/swift/st/stm32cubeide_1.14.0/plugins/com.st.stm32cube.ide.mcu.externaltools.gnu-tools-for-stm32.11.3.rel1.linux64_1.1.100.202309141235/tools/bin/../lib/gcc/arm-none-eabi/11.3.1/../../../../arm-none-eabi/lib/thumb/v7e-m+fp/hard/libc_nano.a(libc_a-dtoa.o)
                0x0000000008007568                _dtoa_r
 .text._free_r  0x000000000800814c       0x98 /home/swift/st/stm32cubeide_1.14.0/plugins/com.st.stm32cube.ide.mcu.externaltools.gnu-tools-for-stm32.11.3.rel1.linux64_1.1.100.202309141235/tools/bin/../lib/gcc/arm-none-eabi/11.3.1/../../../../arm-none-eabi/lib/thumb/v7e-m+fp/hard/libc_nano.a(libc_a-freer.o)
                0x000000000800814c                _free_r
 .text.malloc   0x00000000080081e4       0x10 /home/swift/st/stm32cubeide_1.14.0/plugins/com.st.stm32cube.ide.mcu.externaltools.gnu-tools-for-stm32.11.3.rel1.linux64_1.1.100.202309141235/tools/bin/../lib/gcc/arm-none-eabi/11.3.1/../../../../arm-none-eabi/lib/thumb/v7e-m+fp/hard/libc_nano.a(libc_a-malloc.o)
                0x00000000080081e4                malloc
 .text.sbrk_aligned
                0x00000000080081f4       0x40 /home/swift/st/stm32cubeide_1.14.0/plugins/com.st.stm32cube.ide.mcu.externaltools.gnu-tools-for-stm32.11.3.rel1.linux64_1.1.100.202309141235/tools/bin/../lib/gcc/arm-none-eabi/11.3.1/../../../../arm-none-eabi/lib/thumb/v7e-m+fp/hard/libc_nano.a(libc_a-mallocr.o)
 .text._malloc_r
                0x0000000008008234      0x100 /home/swift/st/stm32cubeide_1.14.0/plugins/com.st.stm32cube.ide.mcu.externaltools.gnu-tools-for-stm32.11.3.rel1.linux64_1.1.100.202309141235/tools/bin/../lib/gcc/arm-none-eabi/11.3.1/../../../../arm-none-eabi/lib/thumb/v7e-m+fp/hard/libc_nano.a(libc_a-mallocr.o)
                0x0000000008008234                _malloc_r
 .text.__malloc_lock
                0x0000000008008334        0xc /home/swift/st/stm32cubeide_1.14.0/plugins/com.st.stm32cube.ide.mcu.externaltools.gnu-tools-for-stm32.11.3.rel1.linux64_1.1.100.202309141235/tools/bin/../lib/gcc/arm-none-eabi/11.3.1/../../../../arm-none-eabi/lib/thumb/v7e-m+fp/hard/libc_nano.a(libc_a-mlock.o)
                0x0000000008008334                __malloc_lock
 .text.__malloc_unlock
                0x0000000008008340        0xc /home/swift/st/stm32cubeide_1.14.0/plugins/com.st.stm32cube.ide.mcu.externaltools.gnu-tools-for-stm32.11.3.rel1.linux64_1.1.100.202309141235/tools/bin/../lib/gcc/arm-none-eabi/11.3.1/../../../../arm-none-eabi/lib/thumb/v7e-m+fp/hard/libc_nano.a(libc_a-mlock.o)
                0x0000000008008340                __malloc_unlock
 .text._Balloc  0x000000000800834c       0x80 /home/swift/st/stm32cubeide_1.14.0/plugins/com.st.stm32cube.ide.mcu.externaltools.gnu-tools-for-stm32.11.3.rel1.linux64_1.1.100.202309141235/tools/bin/../lib/gcc/arm-none-eabi/11.3.1/../../../../arm-none-eabi/lib/thumb/v7e-m+fp/hard/libc_nano.a(libc_a-mprec.o)
                0x000000000800834c                _Balloc
 .text._Bfree   0x00000000080083cc       0x44 /home/swift/st/stm32cubeide_1.14.0/plugins/com.st.stm32cube.ide.mcu.externaltools.gnu-tools-for-stm32.11.3.rel1.linux64_1.1.100.202309141235/tools/bin/../lib/gcc/arm-none-eabi/11.3.1/../../../../arm-none-eabi/lib/thumb/v7e-m+fp/hard/libc_nano.a(libc_a-mprec.o)
                0x00000000080083cc                _Bfree
 .text.__multadd
                0x0000000008008410       0x8c /home/swift/st/stm32cubeide_1.14.0/plugins/com.st.stm32cube.ide.mcu.externaltools.gnu-tools-for-stm32.11.3.rel1.linux64_1.1.100.202309141235/tools/bin/../lib/gcc/arm-none-eabi/11.3.1/../../../../arm-none-eabi/lib/thumb/v7e-m+fp/hard/libc_nano.a(libc_a-mprec.o)
                0x0000000008008410                __multadd
 .text.__hi0bits
                0x000000000800849c       0x40 /home/swift/st/stm32cubeide_1.14.0/plugins/com.st.stm32cube.ide.mcu.externaltools.gnu-tools-for-stm32.11.3.rel1.linux64_1.1.100.202309141235/tools/bin/../lib/gcc/arm-none-eabi/11.3.1/../../../../arm-none-eabi/lib/thumb/v7e-m+fp/hard/libc_nano.a(libc_a-mprec.o)
                0x000000000800849c                __hi0bits
 .text.__lo0bits
                0x00000000080084dc       0x5a /home/swift/st/stm32cubeide_1.14.0/plugins/com.st.stm32cube.ide.mcu.externaltools.gnu-tools-for-stm32.11.3.rel1.linux64_1.1.100.202309141235/tools/bin/../lib/gcc/arm-none-eabi/11.3.1/../../../../arm-none-eabi/lib/thumb/v7e-m+fp/hard/libc_nano.a(libc_a-mprec.o)
                0x00000000080084dc                __lo0bits
 *fill*         0x0000000008008536        0x2 
 .text.__i2b    0x0000000008008538       0x2c /home/swift/st/stm32cubeide_1.14.0/plugins/com.st.stm32cube.ide.mcu.externaltools.gnu-tools-for-stm32.11.3.rel1.linux64_1.1.100.202309141235/tools/bin/../lib/gcc/arm-none-eabi/11.3.1/../../../../arm-none-eabi/lib/thumb/v7e-m+fp/hard/libc_nano.a(libc_a-mprec.o)
                0x0000000008008538                __i2b
 .text.__multiply
                0x0000000008008564      0x154 /home/swift/st/stm32cubeide_1.14.0/plugins/com.st.stm32cube.ide.mcu.externaltools.gnu-tools-for-stm32.11.3.rel1.linux64_1.1.100.202309141235/tools/bin/../lib/gcc/arm-none-eabi/11.3.1/../../../../arm-none-eabi/lib/thumb/v7e-m+fp/hard/libc_nano.a(libc_a-mprec.o)
                0x0000000008008564                __multiply
 .text.__pow5mult
                0x00000000080086b8       0xb4 /home/swift/st/stm32cubeide_1.14.0/plugins/com.st.stm32cube.ide.mcu.externaltools.gnu-tools-for-stm32.11.3.rel1.linux64_1.1.100.202309141235/tools/bin/../lib/gcc/arm-none-eabi/11.3.1/../../../../arm-none-eabi/lib/thumb/v7e-m+fp/hard/libc_nano.a(libc_a-mprec.o)
                0x00000000080086b8                __pow5mult
 .text.__lshift
                0x000000000800876c       0xd8 /home/swift/st/stm32cubeide_1.14.0/plugins/com.st.stm32cube.ide.mcu.externaltools.gnu-tools-for-stm32.11.3.rel1.linux64_1.1.100.202309141235/tools/bin/../lib/gcc/arm-none-eabi/11.3.1/../../../../arm-none-eabi/lib/thumb/v7e-m+fp/hard/libc_nano.a(libc_a-mprec.o)
                0x000000000800876c                __lshift
 .text.__mcmp   0x0000000008008844       0x38 /home/swift/st/stm32cubeide_1.14.0/plugins/com.st.stm32cube.ide.mcu.externaltools.gnu-tools-for-stm32.11.3.rel1.linux64_1.1.100.202309141235/tools/bin/../lib/gcc/arm-none-eabi/11.3.1/../../../../arm-none-eabi/lib/thumb/v7e-m+fp/hard/libc_nano.a(libc_a-mprec.o)
                0x0000000008008844                __mcmp
 .text.__mdiff  0x000000000800887c      0x114 /home/swift/st/stm32cubeide_1.14.0/plugins/com.st.stm32cube.ide.mcu.externaltools.gnu-tools-for-stm32.11.3.rel1.linux64_1.1.100.202309141235/tools/bin/../lib/gcc/arm-none-eabi/11.3.1/../../../../arm-none-eabi/lib/thumb/v7e-m+fp/hard/libc_nano.a(libc_a-mprec.o)
                0x000000000800887c                __mdiff
 .text.__d2b    0x0000000008008990       0xb4 /home/swift/st/stm32cubeide_1.14.0/plugins/com.st.stm32cube.ide.mcu.externaltools.gnu-tools-for-stm32.11.3.rel1.linux64_1.1.100.202309141235/tools/bin/../lib/gcc/arm-none-eabi/11.3.1/../../../../arm-none-eabi/lib/thumb/v7e-m+fp/hard/libc_nano.a(libc_a-mprec.o)
                0x0000000008008990                __d2b
 .text.__sfputc_r
                0x0000000008008a44       0x2e /home/swift/st/stm32cubeide_1.14.0/plugins/com.st.stm32cube.ide.mcu.externaltools.gnu-tools-for-stm32.11.3.rel1.linux64_1.1.100.202309141235/tools/bin/../lib/gcc/arm-none-eabi/11.3.1/../../../../arm-none-eabi/lib/thumb/v7e-m+fp/hard/libc_nano.a(libc_a-nano-vfprintf.o)
 .text.__sfputs_r
                0x0000000008008a72       0x24 /home/swift/st/stm32cubeide_1.14.0/plugins/com.st.stm32cube.ide.mcu.externaltools.gnu-tools-for-stm32.11.3.rel1.linux64_1.1.100.202309141235/tools/bin/../lib/gcc/arm-none-eabi/11.3.1/../../../../arm-none-eabi/lib/thumb/v7e-m+fp/hard/libc_nano.a(libc_a-nano-vfprintf.o)
                0x0000000008008a72                __sfputs_r
 *fill*         0x0000000008008a96        0x2 
 .text._vfprintf_r
                0x0000000008008a98      0x234 /home/swift/st/stm32cubeide_1.14.0/plugins/com.st.stm32cube.ide.mcu.externaltools.gnu-tools-for-stm32.11.3.rel1.linux64_1.1.100.202309141235/tools/bin/../lib/gcc/arm-none-eabi/11.3.1/../../../../arm-none-eabi/lib/thumb/v7e-m+fp/hard/libc_nano.a(libc_a-nano-vfprintf.o)
                0x0000000008008a98                _vfiprintf_r
                0x0000000008008a98                _vfprintf_r
 .text.__swhatbuf_r
                0x0000000008008ccc       0x4c /home/swift/st/stm32cubeide_1.14.0/plugins/com.st.stm32cube.ide.mcu.externaltools.gnu-tools-for-stm32.11.3.rel1.linux64_1.1.100.202309141235/tools/bin/../lib/gcc/arm-none-eabi/11.3.1/../../../../arm-none-eabi/lib/thumb/v7e-m+fp/hard/libc_nano.a(libc_a-makebuf.o)
                0x0000000008008ccc                __swhatbuf_r
 .text.__smakebuf_r
                0x0000000008008d18       0x78 /home/swift/st/stm32cubeide_1.14.0/plugins/com.st.stm32cube.ide.mcu.externaltools.gnu-tools-for-stm32.11.3.rel1.linux64_1.1.100.202309141235/tools/bin/../lib/gcc/arm-none-eabi/11.3.1/../../../../arm-none-eabi/lib/thumb/v7e-m+fp/hard/libc_nano.a(libc_a-makebuf.o)
                0x0000000008008d18                __smakebuf_r
 .text._fstat_r
                0x0000000008008d90       0x24 /home/swift/st/stm32cubeide_1.14.0/plugins/com.st.stm32cube.ide.mcu.externaltools.gnu-tools-for-stm32.11.3.rel1.linux64_1.1.100.202309141235/tools/bin/../lib/gcc/arm-none-eabi/11.3.1/../../../../arm-none-eabi/lib/thumb/v7e-m+fp/hard/libc_nano.a(libc_a-fstatr.o)
                0x0000000008008d90                _fstat_r
 .text._isatty_r
                0x0000000008008db4       0x20 /home/swift/st/stm32cubeide_1.14.0/plugins/com.st.stm32cube.ide.mcu.externaltools.gnu-tools-for-stm32.11.3.rel1.linux64_1.1.100.202309141235/tools/bin/../lib/gcc/arm-none-eabi/11.3.1/../../../../arm-none-eabi/lib/thumb/v7e-m+fp/hard/libc_nano.a(libc_a-isattyr.o)
                0x0000000008008db4                _isatty_r
 .text._sbrk_r  0x0000000008008dd4       0x20 /home/swift/st/stm32cubeide_1.14.0/plugins/com.st.stm32cube.ide.mcu.externaltools.gnu-tools-for-stm32.11.3.rel1.linux64_1.1.100.202309141235/tools/bin/../lib/gcc/arm-none-eabi/11.3.1/../../../../arm-none-eabi/lib/thumb/v7e-m+fp/hard/libc_nano.a(libc_a-sbrkr.o)
                0x0000000008008dd4                _sbrk_r
 .text.__assert_func
                0x0000000008008df4       0x3c /home/swift/st/stm32cubeide_1.14.0/plugins/com.st.stm32cube.ide.mcu.externaltools.gnu-tools-for-stm32.11.3.rel1.linux64_1.1.100.202309141235/tools/bin/../lib/gcc/arm-none-eabi/11.3.1/../../../../arm-none-eabi/lib/thumb/v7e-m+fp/hard/libc_nano.a(libc_a-assert.o)
                0x0000000008008df4                __assert_func
 .text._calloc_r
                0x0000000008008e30       0x2c /home/swift/st/stm32cubeide_1.14.0/plugins/com.st.stm32cube.ide.mcu.externaltools.gnu-tools-for-stm32.11.3.rel1.linux64_1.1.100.202309141235/tools/bin/../lib/gcc/arm-none-eabi/11.3.1/../../../../arm-none-eabi/lib/thumb/v7e-m+fp/hard/libc_nano.a(libc_a-callocr.o)
                0x0000000008008e30                _calloc_r
 .text.__ascii_mbtowc
                0x0000000008008e5c       0x24 /home/swift/st/stm32cubeide_1.14.0/plugins/com.st.stm32cube.ide.mcu.externaltools.gnu-tools-for-stm32.11.3.rel1.linux64_1.1.100.202309141235/tools/bin/../lib/gcc/arm-none-eabi/11.3.1/../../../../arm-none-eabi/lib/thumb/v7e-m+fp/hard/libc_nano.a(libc_a-mbtowc_r.o)
                0x0000000008008e5c                __ascii_mbtowc
 .text.__ascii_wctomb
                0x0000000008008e80       0x1a /home/swift/st/stm32cubeide_1.14.0/plugins/com.st.stm32cube.ide.mcu.externaltools.gnu-tools-for-stm32.11.3.rel1.linux64_1.1.100.202309141235/tools/bin/../lib/gcc/arm-none-eabi/11.3.1/../../../../arm-none-eabi/lib/thumb/v7e-m+fp/hard/libc_nano.a(libc_a-wctomb_r.o)
                0x0000000008008e80                __ascii_wctomb
 *fill*         0x0000000008008e9a        0x2 
 .text.fprintf  0x0000000008008e9c       0x24 /home/swift/st/stm32cubeide_1.14.0/plugins/com.st.stm32cube.ide.mcu.externaltools.gnu-tools-for-stm32.11.3.rel1.linux64_1.1.100.202309141235/tools/bin/../lib/gcc/arm-none-eabi/11.3.1/../../../../arm-none-eabi/lib/thumb/v7e-m+fp/hard/libc_nano.a(libc_a-fprintf.o)
                0x0000000008008e9c                fprintf
                0x0000000008008e9c                fiprintf
 .text.abort    0x0000000008008ec0        0xe /home/swift/st/stm32cubeide_1.14.0/plugins/com.st.stm32cube.ide.mcu.externaltools.gnu-tools-for-stm32.11.3.rel1.linux64_1.1.100.202309141235/tools/bin/../lib/gcc/arm-none-eabi/11.3.1/../../../../arm-none-eabi/lib/thumb/v7e-m+fp/hard/libc_nano.a(libc_a-abort.o)
                0x0000000008008ec0                abort
 .text._raise_r
                0x0000000008008ece       0x50 /home/swift/st/stm32cubeide_1.14.0/plugins/com.st.stm32cube.ide.mcu.externaltools.gnu-tools-for-stm32.11.3.rel1.linux64_1.1.100.202309141235/tools/bin/../lib/gcc/arm-none-eabi/11.3.1/../../../../arm-none-eabi/lib/thumb/v7e-m+fp/hard/libc_nano.a(libc_a-signal.o)
                0x0000000008008ece                _raise_r
 *fill*         0x0000000008008f1e        0x2 
 .text.raise    0x0000000008008f20       0x10 /home/swift/st/stm32cubeide_1.14.0/plugins/com.st.stm32cube.ide.mcu.externaltools.gnu-tools-for-stm32.11.3.rel1.linux64_1.1.100.202309141235/tools/bin/../lib/gcc/arm-none-eabi/11.3.1/../../../../arm-none-eabi/lib/thumb/v7e-m+fp/hard/libc_nano.a(libc_a-signal.o)
                0x0000000008008f20                raise
 .text._kill_r  0x0000000008008f30       0x24 /home/swift/st/stm32cubeide_1.14.0/plugins/com.st.stm32cube.ide.mcu.externaltools.gnu-tools-for-stm32.11.3.rel1.linux64_1.1.100.202309141235/tools/bin/../lib/gcc/arm-none-eabi/11.3.1/../../../../arm-none-eabi/lib/thumb/v7e-m+fp/hard/libc_nano.a(libc_a-signalr.o)
                0x0000000008008f30                _kill_r
 .text._getpid_r
                0x0000000008008f54        0x4 /home/swift/st/stm32cubeide_1.14.0/plugins/com.st.stm32cube.ide.mcu.externaltools.gnu-tools-for-stm32.11.3.rel1.linux64_1.1.100.202309141235/tools/bin/../lib/gcc/arm-none-eabi/11.3.1/../../../../arm-none-eabi/lib/thumb/v7e-m+fp/hard/libc_nano.a(libc_a-signalr.o)
                0x0000000008008f54                _getpid_r
 *(.glue_7)
 .glue_7        0x0000000008008f58        0x0 linker stubs
 *(.glue_7t)
 .glue_7t       0x0000000008008f58        0x0 linker stubs
 *(.eh_frame)
 .eh_frame      0x0000000008008f58        0x0 /home/swift/st/stm32cubeide_1.14.0/plugins/com.st.stm32cube.ide.mcu.externaltools.gnu-tools-for-stm32.11.3.rel1.linux64_1.1.100.202309141235/tools/bin/../lib/gcc/arm-none-eabi/11.3.1/thumb/v7e-m+fp/hard/crtbegin.o
 *(.init)
 .init          0x0000000008008f58        0x4 /home/swift/st/stm32cubeide_1.14.0/plugins/com.st.stm32cube.ide.mcu.externaltools.gnu-tools-for-stm32.11.3.rel1.linux64_1.1.100.202309141235/tools/bin/../lib/gcc/arm-none-eabi/11.3.1/thumb/v7e-m+fp/hard/crti.o
                0x0000000008008f58                _init
 .init          0x0000000008008f5c        0x8 /home/swift/st/stm32cubeide_1.14.0/plugins/com.st.stm32cube.ide.mcu.externaltools.gnu-tools-for-stm32.11.3.rel1.linux64_1.1.100.202309141235/tools/bin/../lib/gcc/arm-none-eabi/11.3.1/thumb/v7e-m+fp/hard/crtn.o
 *(.fini)
 .fini          0x0000000008008f64        0x4 /home/swift/st/stm32cubeide_1.14.0/plugins/com.st.stm32cube.ide.mcu.externaltools.gnu-tools-for-stm32.11.3.rel1.linux64_1.1.100.202309141235/tools/bin/../lib/gcc/arm-none-eabi/11.3.1/thumb/v7e-m+fp/hard/crti.o
                0x0000000008008f64                _fini
 .fini          0x0000000008008f68        0x8 /home/swift/st/stm32cubeide_1.14.0/plugins/com.st.stm32cube.ide.mcu.externaltools.gnu-tools-for-stm32.11.3.rel1.linux64_1.1.100.202309141235/tools/bin/../lib/gcc/arm-none-eabi/11.3.1/thumb/v7e-m+fp/hard/crtn.o
                0x0000000008008f70                . = ALIGN (0x4)
                0x0000000008008f70                _etext = .

.vfp11_veneer   0x0000000008008f70        0x0
 .vfp11_veneer  0x0000000008008f70        0x0 linker stubs

.v4_bx          0x0000000008008f70        0x0
 .v4_bx         0x0000000008008f70        0x0 linker stubs

.iplt           0x0000000008008f70        0x0
 .iplt          0x0000000008008f70        0x0 /home/swift/st/stm32cubeide_1.14.0/plugins/com.st.stm32cube.ide.mcu.externaltools.gnu-tools-for-stm32.11.3.rel1.linux64_1.1.100.202309141235/tools/bin/../lib/gcc/arm-none-eabi/11.3.1/thumb/v7e-m+fp/hard/crtbegin.o

.rodata         0x0000000008008f70      0xb84
                0x0000000008008f70                . = ALIGN (0x4)
 *(.rodata)
 .rodata        0x0000000008008f70       0x66 ./Core/Src/Drivers/ICM20602.o
 *fill*         0x0000000008008fd6        0x2 
 .rodata        0x0000000008008fd8       0x41 ./Core/Src/Drivers/led.o
 *fill*         0x0000000008009019        0x3 
 .rodata        0x000000000800901c        0x7 ./Core/Src/Drivers/system.o
 *fill*         0x0000000008009023        0x1 
 .rodata        0x0000000008009024        0x7 ./Core/Src/Platform/platform_stm32f4.o
 *fill*         0x000000000800902b        0x1 
 .rodata        0x000000000800902c      0x731 ./Core/Src/main.o
 *fill*         0x000000000800975d        0x3 
 .rodata        0x0000000008009760        0x5 ./Middlewares/Third_Party/FreeRTOS/Source/tasks.o
 *(.rodata*)
 *fill*         0x0000000008009765        0x3 
 .rodata.AHBPrescTable
                0x0000000008009768       0x10 ./Core/Src/system_stm32f4xx.o
                0x0000000008009768                AHBPrescTable
 .rodata.APBPrescTable
                0x0000000008009778        0x8 ./Core/Src/system_stm32f4xx.o
                0x0000000008009778                APBPrescTable
 .rodata._ctype_
                0x0000000008009780      0x101 /home/swift/st/stm32cubeide_1.14.0/plugins/com.st.stm32cube.ide.mcu.externaltools.gnu-tools-for-stm32.11.3.rel1.linux64_1.1.100.202309141235/tools/bin/../lib/gcc/arm-none-eabi/11.3.1/../../../../arm-none-eabi/lib/thumb/v7e-m+fp/hard/libc_nano.a(libc_a-ctype_.o)
                0x0000000008009780                _ctype_
 .rodata._printf_float.str1.1
                0x0000000008009881       0x12 /home/swift/st/stm32cubeide_1.14.0/plugins/com.st.stm32cube.ide.mcu.externaltools.gnu-tools-for-stm32.11.3.rel1.linux64_1.1.100.202309141235/tools/bin/../lib/gcc/arm-none-eabi/11.3.1/../../../../arm-none-eabi/lib/thumb/v7e-m+fp/hard/libc_nano.a(libc_a-nano-vfprintf_float.o)
 .rodata._printf_i.str1.1
                0x0000000008009893       0x22 /home/swift/st/stm32cubeide_1.14.0/plugins/com.st.stm32cube.ide.mcu.externaltools.gnu-tools-for-stm32.11.3.rel1.linux64_1.1.100.202309141235/tools/bin/../lib/gcc/arm-none-eabi/11.3.1/../../../../arm-none-eabi/lib/thumb/v7e-m+fp/hard/libc_nano.a(libc_a-nano-vfprintf_i.o)
 .rodata._dtoa_r.str1.1
                0x00000000080098b5       0x8d /home/swift/st/stm32cubeide_1.14.0/plugins/com.st.stm32cube.ide.mcu.externaltools.gnu-tools-for-stm32.11.3.rel1.linux64_1.1.100.202309141235/tools/bin/../lib/gcc/arm-none-eabi/11.3.1/../../../../arm-none-eabi/lib/thumb/v7e-m+fp/hard/libc_nano.a(libc_a-dtoa.o)
                                         0x8f (size before relaxing)
 .rodata._Balloc.str1.1
                0x0000000008009942       0x59 /home/swift/st/stm32cubeide_1.14.0/plugins/com.st.stm32cube.ide.mcu.externaltools.gnu-tools-for-stm32.11.3.rel1.linux64_1.1.100.202309141235/tools/bin/../lib/gcc/arm-none-eabi/11.3.1/../../../../arm-none-eabi/lib/thumb/v7e-m+fp/hard/libc_nano.a(libc_a-mprec.o)
                                         0x70 (size before relaxing)
 .rodata.__multadd.str1.1
                0x000000000800999b       0x11 /home/swift/st/stm32cubeide_1.14.0/plugins/com.st.stm32cube.ide.mcu.externaltools.gnu-tools-for-stm32.11.3.rel1.linux64_1.1.100.202309141235/tools/bin/../lib/gcc/arm-none-eabi/11.3.1/../../../../arm-none-eabi/lib/thumb/v7e-m+fp/hard/libc_nano.a(libc_a-mprec.o)
 *fill*         0x000000000800999b        0x5 
 .rodata.__mprec_bigtens
                0x00000000080099a0       0x28 /home/swift/st/stm32cubeide_1.14.0/plugins/com.st.stm32cube.ide.mcu.externaltools.gnu-tools-for-stm32.11.3.rel1.linux64_1.1.100.202309141235/tools/bin/../lib/gcc/arm-none-eabi/11.3.1/../../../../arm-none-eabi/lib/thumb/v7e-m+fp/hard/libc_nano.a(libc_a-mprec.o)
                0x00000000080099a0                __mprec_bigtens
 .rodata.__mprec_tens
                0x00000000080099c8       0xc8 /home/swift/st/stm32cubeide_1.14.0/plugins/com.st.stm32cube.ide.mcu.externaltools.gnu-tools-for-stm32.11.3.rel1.linux64_1.1.100.202309141235/tools/bin/../lib/gcc/arm-none-eabi/11.3.1/../../../../arm-none-eabi/lib/thumb/v7e-m+fp/hard/libc_nano.a(libc_a-mprec.o)
                0x00000000080099c8                __mprec_tens
 .rodata.p05.0  0x0000000008009a90        0xc /home/swift/st/stm32cubeide_1.14.0/plugins/com.st.stm32cube.ide.mcu.externaltools.gnu-tools-for-stm32.11.3.rel1.linux64_1.1.100.202309141235/tools/bin/../lib/gcc/arm-none-eabi/11.3.1/../../../../arm-none-eabi/lib/thumb/v7e-m+fp/hard/libc_nano.a(libc_a-mprec.o)
 .rodata._vfprintf_r.str1.1
                0x0000000008009a9c       0x11 /home/swift/st/stm32cubeide_1.14.0/plugins/com.st.stm32cube.ide.mcu.externaltools.gnu-tools-for-stm32.11.3.rel1.linux64_1.1.100.202309141235/tools/bin/../lib/gcc/arm-none-eabi/11.3.1/../../../../arm-none-eabi/lib/thumb/v7e-m+fp/hard/libc_nano.a(libc_a-nano-vfprintf.o)
 .rodata._setlocale_r.str1.1
                0x0000000008009aad        0x8 /home/swift/st/stm32cubeide_1.14.0/plugins/com.st.stm32cube.ide.mcu.externaltools.gnu-tools-for-stm32.11.3.rel1.linux64_1.1.100.202309141235/tools/bin/../lib/gcc/arm-none-eabi/11.3.1/../../../../arm-none-eabi/lib/thumb/v7e-m+fp/hard/libc_nano.a(libc_a-locale.o)
                                          0x9 (size before relaxing)
 .rodata.str1.1
                0x0000000008009ab5        0x2 /home/swift/st/stm32cubeide_1.14.0/plugins/com.st.stm32cube.ide.mcu.externaltools.gnu-tools-for-stm32.11.3.rel1.linux64_1.1.100.202309141235/tools/bin/../lib/gcc/arm-none-eabi/11.3.1/../../../../arm-none-eabi/lib/thumb/v7e-m+fp/hard/libc_nano.a(libc_a-locale.o)
 .rodata.__assert_func.str1.1
                0x0000000008009ab7       0x3c /home/swift/st/stm32cubeide_1.14.0/plugins/com.st.stm32cube.ide.mcu.externaltools.gnu-tools-for-stm32.11.3.rel1.linux64_1.1.100.202309141235/tools/bin/../lib/gcc/arm-none-eabi/11.3.1/../../../../arm-none-eabi/lib/thumb/v7e-m+fp/hard/libc_nano.a(libc_a-assert.o)
                                         0x3d (size before relaxing)
                0x0000000008009af4                . = ALIGN (0x4)
 *fill*         0x0000000008009af3        0x1 

.ARM.extab      0x0000000008009af4        0x0
                0x0000000008009af4                . = ALIGN (0x4)
 *(.ARM.extab* .gnu.linkonce.armextab.*)
                0x0000000008009af4                . = ALIGN (0x4)

.ARM            0x0000000008009af4        0x8
                0x0000000008009af4                . = ALIGN (0x4)
                0x0000000008009af4                __exidx_start = .
 *(.ARM.exidx*)
 .ARM.exidx     0x0000000008009af4        0x8 /home/swift/st/stm32cubeide_1.14.0/plugins/com.st.stm32cube.ide.mcu.externaltools.gnu-tools-for-stm32.11.3.rel1.linux64_1.1.100.202309141235/tools/bin/../lib/gcc/arm-none-eabi/11.3.1/thumb/v7e-m+fp/hard/libgcc.a(_udivmoddi4.o)
                0x0000000008009afc                __exidx_end = .
                0x0000000008009afc                . = ALIGN (0x4)

.rel.dyn        0x0000000008009afc        0x0
 .rel.iplt      0x0000000008009afc        0x0 /home/swift/st/stm32cubeide_1.14.0/plugins/com.st.stm32cube.ide.mcu.externaltools.gnu-tools-for-stm32.11.3.rel1.linux64_1.1.100.202309141235/tools/bin/../lib/gcc/arm-none-eabi/11.3.1/thumb/v7e-m+fp/hard/crtbegin.o

.preinit_array  0x0000000008009afc        0x0
                0x0000000008009afc                . = ALIGN (0x4)
                0x0000000008009afc                PROVIDE (__preinit_array_start = .)
 *(.preinit_array*)
                0x0000000008009afc                PROVIDE (__preinit_array_end = .)
                0x0000000008009afc                . = ALIGN (0x4)

.init_array     0x0000000008009afc        0x4
                0x0000000008009afc                . = ALIGN (0x4)
                0x0000000008009afc                PROVIDE (__init_array_start = .)
 *(SORT_BY_NAME(.init_array.*))
 *(.init_array*)
 .init_array    0x0000000008009afc        0x4 /home/swift/st/stm32cubeide_1.14.0/plugins/com.st.stm32cube.ide.mcu.externaltools.gnu-tools-for-stm32.11.3.rel1.linux64_1.1.100.202309141235/tools/bin/../lib/gcc/arm-none-eabi/11.3.1/thumb/v7e-m+fp/hard/crtbegin.o
                0x0000000008009b00                PROVIDE (__init_array_end = .)
                0x0000000008009b00                . = ALIGN (0x4)

.fini_array     0x0000000008009b00        0x4
                0x0000000008009b00                . = ALIGN (0x4)
                [!provide]                        PROVIDE (__fini_array_start = .)
 *(SORT_BY_NAME(.fini_array.*))
 *(.fini_array*)
 .fini_array    0x0000000008009b00        0x4 /home/swift/st/stm32cubeide_1.14.0/plugins/com.st.stm32cube.ide.mcu.externaltools.gnu-tools-for-stm32.11.3.rel1.linux64_1.1.100.202309141235/tools/bin/../lib/gcc/arm-none-eabi/11.3.1/thumb/v7e-m+fp/hard/crtbegin.o
                [!provide]                        PROVIDE (__fini_array_end = .)
                0x0000000008009b04                . = ALIGN (0x4)
                0x0000000008009b04                _sidata = LOADADDR (.data)

.data           0x0000000020000000      0x290 load address 0x0000000008009b04
                0x0000000020000000                . = ALIGN (0x4)
                0x0000000020000000                _sdata = .
 *(.data)
 *(.data*)
 .data.led_port
                0x0000000020000000       0x18 ./Core/Src/Drivers/led.o
 .data.led_pin  0x0000000020000018       0x18 ./Core/Src/Drivers/led.o
 .data.led_polarity
                0x0000000020000030       0x18 ./Core/Src/Drivers/led.o
 .data.configs  0x0000000020000048       0x6f ./Core/Src/Platform/platform_cf2.o
 *fill*         0x00000000200000b7        0x1 
 .data.SystemCoreClock
                0x00000000200000b8        0x4 ./Core/Src/system_stm32f4xx.o
                0x00000000200000b8                SystemCoreClock
 .data.uwTickPrio
                0x00000000200000bc        0x4 ./Drivers/STM32F4xx_HAL_Driver/Src/stm32f4xx_hal.o
                0x00000000200000bc                uwTickPrio
 .data.uwTickFreq
                0x00000000200000c0        0x1 ./Drivers/STM32F4xx_HAL_Driver/Src/stm32f4xx_hal.o
                0x00000000200000c0                uwTickFreq
 *fill*         0x00000000200000c1        0x3 
 .data.uxCriticalNesting
                0x00000000200000c4        0x4 ./Middlewares/Third_Party/FreeRTOS/Source/portable/GCC/ARM_CM4F/port.o
 .data.__sglue  0x00000000200000c8        0xc /home/swift/st/stm32cubeide_1.14.0/plugins/com.st.stm32cube.ide.mcu.externaltools.gnu-tools-for-stm32.11.3.rel1.linux64_1.1.100.202309141235/tools/bin/../lib/gcc/arm-none-eabi/11.3.1/../../../../arm-none-eabi/lib/thumb/v7e-m+fp/hard/libc_nano.a(libc_a-findfp.o)
                0x00000000200000c8                __sglue
 .data._impure_data
                0x00000000200000d4       0x4c /home/swift/st/stm32cubeide_1.14.0/plugins/com.st.stm32cube.ide.mcu.externaltools.gnu-tools-for-stm32.11.3.rel1.linux64_1.1.100.202309141235/tools/bin/../lib/gcc/arm-none-eabi/11.3.1/../../../../arm-none-eabi/lib/thumb/v7e-m+fp/hard/libc_nano.a(libc_a-impure.o)
                0x00000000200000d4                _impure_data
 .data._impure_ptr
                0x0000000020000120        0x4 /home/swift/st/stm32cubeide_1.14.0/plugins/com.st.stm32cube.ide.mcu.externaltools.gnu-tools-for-stm32.11.3.rel1.linux64_1.1.100.202309141235/tools/bin/../lib/gcc/arm-none-eabi/11.3.1/../../../../arm-none-eabi/lib/thumb/v7e-m+fp/hard/libc_nano.a(libc_a-impure.o)
                0x0000000020000120                _impure_ptr
 .data.__global_locale
                0x0000000020000124      0x16c /home/swift/st/stm32cubeide_1.14.0/plugins/com.st.stm32cube.ide.mcu.externaltools.gnu-tools-for-stm32.11.3.rel1.linux64_1.1.100.202309141235/tools/bin/../lib/gcc/arm-none-eabi/11.3.1/../../../../arm-none-eabi/lib/thumb/v7e-m+fp/hard/libc_nano.a(libc_a-locale.o)
                0x0000000020000124                __global_locale
 *(.RamFunc)
 *(.RamFunc*)
                0x0000000020000290                . = ALIGN (0x4)
                0x0000000020000290                _edata = .
                0x0000000008009e5c                _siccmram = LOADADDR (.ccmram)

.igot.plt       0x0000000020000290        0x0 load address 0x0000000008009d94
 .igot.plt      0x0000000020000290        0x0 /home/swift/st/stm32cubeide_1.14.0/plugins/com.st.stm32cube.ide.mcu.externaltools.gnu-tools-for-stm32.11.3.rel1.linux64_1.1.100.202309141235/tools/bin/../lib/gcc/arm-none-eabi/11.3.1/thumb/v7e-m+fp/hard/crtbegin.o

.ccmbss         0x0000000020000290       0xa0 load address 0x0000000008009d94
 .ccmbss        0x0000000020000290       0xa0 ./Core/Src/Drivers/system.o

.nzds           0x0000000020000330       0x28 load address 0x0000000008009e34
 .nzds          0x0000000020000330       0x28 ./Core/Src/Utils/cfassert.o
                0x0000000020000330                snapshot

.ccmram         0x0000000010000000        0x0 load address 0x0000000008009e5c
                0x0000000010000000                . = ALIGN (0x4)
                0x0000000010000000                _sccmram = .
 *(.ccmram)
 *(.ccmram*)
                0x0000000010000000                . = ALIGN (0x4)
                0x0000000010000000                _eccmram = .
                0x0000000010000000                . = ALIGN (0x4)

.bss            0x0000000020000358     0x4720
                0x0000000020000358                _sbss = .
                0x0000000020000358                __bss_start__ = _sbss
 *(.bss)
 .bss           0x0000000020000358       0x1c /home/swift/st/stm32cubeide_1.14.0/plugins/com.st.stm32cube.ide.mcu.externaltools.gnu-tools-for-stm32.11.3.rel1.linux64_1.1.100.202309141235/tools/bin/../lib/gcc/arm-none-eabi/11.3.1/thumb/v7e-m+fp/hard/crtbegin.o
 *(.bss*)
 .bss.isInit    0x0000000020000374        0x1 ./Core/Src/Drivers/led.o
 *fill*         0x0000000020000375        0x3 
 .bss.ledLastState
                0x0000000020000378        0x6 ./Core/Src/Drivers/led.o
 .bss.ledSwitchState
                0x000000002000037e        0x1 ./Core/Src/Drivers/led.o
                0x000000002000037e                ledSwitchState
 *fill*         0x000000002000037f        0x1 
 .bss.osSys_systemTaskStackBuffer
                0x0000000020000380      0x400 ./Core/Src/Drivers/system.o
 .bss.active_config
                0x0000000020000780        0x4 ./Core/Src/Platform/platform.o
 .bss.currentType
                0x0000000020000784        0x1 ./Core/Src/Utils/cfassert.o
 *fill*         0x0000000020000785        0x3 
 .bss.xIdleTaskTCBBuffer
                0x0000000020000788       0xa0 ./Core/Src/freertos.o
 .bss.xIdleStack
                0x0000000020000828      0x200 ./Core/Src/freertos.o
 .bss.htim7     0x0000000020000a28       0x48 ./Core/Src/main.o
                0x0000000020000a28                htim7
 .bss.huart6    0x0000000020000a70       0x48 ./Core/Src/main.o
                0x0000000020000a70                huart6
 .bss.defaultTaskHandle
                0x0000000020000ab8        0x4 ./Core/Src/main.o
                0x0000000020000ab8                defaultTaskHandle
 .bss.t1        0x0000000020000abc        0x4 ./Core/Src/main.o
                0x0000000020000abc                t1
 .bss.t2        0x0000000020000ac0        0x4 ./Core/Src/main.o
                0x0000000020000ac0                t2
 .bss.g_rx_buffer
                0x0000000020000ac4        0x1 ./Core/Src/stm32f4xx_it.o
                0x0000000020000ac4                g_rx_buffer
 *fill*         0x0000000020000ac5        0x3 
 .bss.TimingDelay
                0x0000000020000ac8        0x4 ./Core/Src/stm32f4xx_it.o
                0x0000000020000ac8                TimingDelay
 .bss.__sbrk_heap_end
                0x0000000020000acc        0x4 ./Core/Src/sysmem.o
 .bss.uwTick    0x0000000020000ad0        0x4 ./Drivers/STM32F4xx_HAL_Driver/Src/stm32f4xx_hal.o
                0x0000000020000ad0                uwTick
 .bss.pxCurrentTCB