../Core/Src/Utils/debug_printf.c:35:5:UART_PRINTF	24	static
../Core/Src/Utils/debug_printf.c:45:6:uartInit	16	static
../Core/Src/Utils/debug_printf.c:52:6:uartDmaInit	24	static
../Core/Src/Utils/debug_printf.c:71:6:uartSendDataDmaBlocking	16	static
../Core/Src/Utils/debug_printf.c:94:6:uartSendData	24	static
../Core/Src/Utils/debug_printf.c:106:5:uartPutchar	16	static
../Core/Src/Utils/debug_printf.c:113:6:uartGetchar	16	static
../Core/Src/Utils/debug_printf.c:119:10:uartbytesAvailable	8	static
../Core/Src/Utils/debug_printf.c:124:10:uartQueueMaxLength	4	static
../Core/Src/Utils/debug_printf.c:129:6:uartDidOverrun	16	static
