../Core/Src/Utils/debug_printf.c:34:5:UART_PRINTF	24	static
../Core/Src/Utils/debug_printf.c:53:6:uartInit	16	static
../Core/Src/Utils/debug_printf.c:65:6:uartDmaInit	24	static
../Core/Src/Utils/debug_printf.c:89:6:uartSendDataDmaBlocking	16	static
../Core/Src/Utils/debug_printf.c:112:6:uartSendData	24	static
../Core/Src/Utils/debug_printf.c:124:5:uartPutchar	16	static
../Core/Src/Utils/debug_printf.c:131:6:uartGetchar	16	static
../Core/Src/Utils/debug_printf.c:137:10:uartbytesAvailable	8	static
../Core/Src/Utils/debug_printf.c:142:10:uartQueueMaxLength	4	static
../Core/Src/Utils/debug_printf.c:147:6:uartDidOverrun	16	static
