../Drivers/STM32F4xx_HAL_Driver/Inc/stm32f4xx_ll_spi.h:365:22:LL_SPI_SetStandard	16	static
../Drivers/STM32F4xx_HAL_Driver/Inc/stm32f4xx_ll_bus.h:409:22:LL_AHB1_GRP1_EnableClock	24	static
../Drivers/STM32F4xx_HAL_Driver/Inc/stm32f4xx_ll_bus.h:1704:22:LL_APB2_GRP1_EnableClock	24	static
../Core/Src/main.c:118:5:main	48	static
../Core/Src/main.c:231:6:SystemClock_Config	88	static
../Core/Src/main.c:277:13:MX_SPI1_Init	72	static
../Core/Src/main.c:332:13:MX_TIM7_Init	16	static
../Core/Src/main.c:370:13:MX_USART6_UART_Init	8	static
../Core/Src/main.c:401:13:MX_DMA_Init	16	static
../Core/Src/main.c:419:13:MX_GPIO_Init	48	static
../Core/Src/main.c:463:7:OSVersion	4	static
../Core/Src/main.c:469:6:freertos_IntroTitle	8	static
../Core/Src/main.c:495:6:vAssertCalled	24	static,ignoring_inline_asm
../Core/Src/main.c:502:6:InitTick	16	static
../Core/Src/main.c:513:6:delay_us	16	static
../Core/Src/main.c:531:6:StartDefaultTask	16	static
../Core/Src/main.c:549:6:Error_Handler	4	static,ignoring_inline_asm
