../Core/Src/stm32f4xx_it.c:94:6:NMI_Handler	4	static
../Core/Src/stm32f4xx_it.c:109:6:HardFault_Handler	4	static
../Core/Src/stm32f4xx_it.c:124:6:MemManage_Handler	4	static
../Core/Src/stm32f4xx_it.c:139:6:BusFault_Handler	4	static
../Core/Src/stm32f4xx_it.c:154:6:UsageFault_Handler	4	static
../Core/Src/stm32f4xx_it.c:169:6:DebugMon_Handler	4	static
../Core/Src/stm32f4xx_it.c:182:6:SysTick_Handler	8	static
../Core/Src/stm32f4xx_it.c:214:6:RCC_IRQHandler	4	static
../Core/Src/stm32f4xx_it.c:227:6:TIM7_IRQHandler	8	static
../Core/Src/stm32f4xx_it.c:241:6:DMA2_Stream0_IRQHandler	8	static
../Core/Src/stm32f4xx_it.c:255:6:DMA2_Stream1_IRQHandler	8	static
../Core/Src/stm32f4xx_it.c:269:6:DMA2_Stream2_IRQHandler	8	static
../Core/Src/stm32f4xx_it.c:283:6:DMA2_Stream3_IRQHandler	8	static
../Core/Src/stm32f4xx_it.c:297:6:DMA2_Stream4_IRQHandler	8	static
../Core/Src/stm32f4xx_it.c:311:6:OTG_FS_IRQHandler	8	static
../Core/Src/stm32f4xx_it.c:325:6:DMA2_Stream6_IRQHandler	8	static
../Core/Src/stm32f4xx_it.c:339:6:USART6_IRQHandler	16	static,ignoring_inline_asm
../Core/Src/stm32f4xx_it.c:358:6:usDelay	24	static
