../Core/Src/stm32f4xx_it.c:92:6:NMI_Handler	4	static
../Core/Src/stm32f4xx_it.c:107:6:HardFault_Handler	4	static
../Core/Src/stm32f4xx_it.c:122:6:MemManage_Handler	4	static
../Core/Src/stm32f4xx_it.c:137:6:BusFault_Handler	4	static
../Core/Src/stm32f4xx_it.c:152:6:UsageFault_Handler	4	static
../Core/Src/stm32f4xx_it.c:167:6:DebugMon_Handler	4	static
../Core/Src/stm32f4xx_it.c:180:6:SysTick_Handler	8	static
../Core/Src/stm32f4xx_it.c:212:6:RCC_IRQHandler	4	static
../Core/Src/stm32f4xx_it.c:225:6:TIM7_IRQHandler	8	static
../Core/Src/stm32f4xx_it.c:239:6:DMA2_Stream0_IRQHandler	8	static
../Core/Src/stm32f4xx_it.c:253:6:DMA2_Stream1_IRQHandler	8	static
../Core/Src/stm32f4xx_it.c:267:6:DMA2_Stream2_IRQHandler	8	static
../Core/Src/stm32f4xx_it.c:281:6:OTG_FS_IRQHandler	8	static
../Core/Src/stm32f4xx_it.c:295:6:DMA2_Stream7_IRQHandler	8	static
../Core/Src/stm32f4xx_it.c:309:6:USART6_IRQHandler	16	static,ignoring_inline_asm
../Core/Src/stm32f4xx_it.c:328:6:usDelay	24	static
