../Drivers/STM32F4xx_HAL_Driver/Inc/stm32f4xx_ll_spi.h:731:26:LL_SPI_IsActiveFlag_RXNE	16	static
../Drivers/STM32F4xx_HAL_Driver/Inc/stm32f4xx_ll_spi.h:742:26:LL_SPI_IsActiveFlag_TXE	16	static
../Drivers/STM32F4xx_HAL_Driver/Inc/stm32f4xx_ll_spi.h:1075:25:LL_SPI_ReceiveData8	16	static
../Drivers/STM32F4xx_HAL_Driver/Inc/stm32f4xx_ll_spi.h:1098:22:LL_SPI_TransmitData8	24	static
../Drivers/STM32F4xx_HAL_Driver/Inc/stm32f4xx_ll_gpio.h:800:26:LL_GPIO_IsInputPinSet	16	static
../Drivers/STM32F4xx_HAL_Driver/Inc/stm32f4xx_ll_gpio.h:881:22:LL_GPIO_SetOutputPin	16	static
../Drivers/STM32F4xx_HAL_Driver/Inc/stm32f4xx_ll_gpio.h:910:22:LL_GPIO_ResetOutputPin	16	static
../Core/Src/Drivers/ICM20602.c:35:6:ICM20602_GPIO_SPI_Initialization	40	static
../Core/Src/Drivers/ICM20602.c:114:15:SPI1_SendByte	16	static
../Core/Src/Drivers/ICM20602.c:125:9:ICM20602_Readbyte	24	static
../Core/Src/Drivers/ICM20602.c:137:6:ICM20602_Readbytes	32	static
../Core/Src/Drivers/ICM20602.c:150:6:ICM20602_Writebyte	16	static
../Core/Src/Drivers/ICM20602.c:158:6:ICM20602_Writebytes	24	static
../Core/Src/Drivers/ICM20602.c:171:5:ICM20602_Initialization	24	static
../Core/Src/Drivers/ICM20602.c:258:6:ICM20602_Get6AxisRawData	32	static
../Core/Src/Drivers/ICM20602.c:272:6:ICM20602_Get3AxisGyroRawData	24	static
../Core/Src/Drivers/ICM20602.c:282:6:ICM20602_Get3AxisAccRawData	24	static
../Core/Src/Drivers/ICM20602.c:292:5:ICM20602_DataReady	8	static
