../Drivers/CMSIS/Include/core_cm4.h:1684:22:__NVIC_EnableIRQ	16	static,ignoring_inline_asm
../Drivers/CMSIS/Include/core_cm4.h:1722:22:__NVIC_DisableIRQ	16	static,ignoring_inline_asm
../Core/Src/Drivers/sensors.c:71:13:nullFunction	4	static
../Core/Src/Drivers/sensors.c:153:6:sensorsInit	16	static
../Core/Src/Drivers/sensors.c:172:6:sensorsTest	8	static
../Core/Src/Drivers/sensors.c:176:6:sensorsAreCalibrated	8	static
../Core/Src/Drivers/sensors.c:180:6:sensorsManufacturingTest	4	static
../Core/Src/Drivers/sensors.c:184:6:sensorsAcquire	16	static
../Core/Src/Drivers/sensors.c:188:6:sensorsWaitDataReady	8	static
../Core/Src/Drivers/sensors.c:192:6:sensorsReadGyro	16	static
../Core/Src/Drivers/sensors.c:196:6:sensorsReadAcc	16	static
../Core/Src/Drivers/sensors.c:200:6:sensorsReadMag	16	static
../Core/Src/Drivers/sensors.c:204:6:sensorsReadBaro	16	static
../Core/Src/Drivers/sensors.c:208:6:sensorsSetAccMode	16	static
../Core/Src/Drivers/sensors.c:212:6:sensorsSuspend	8	static
../Core/Src/Drivers/sensors.c:217:6:sensorsResume	8	static
../Core/Src/Drivers/sensors.c:223:28:EXTI14_Callback	8	static
../Core/Src/Drivers/sensors.c:227:39:findImplementation	24	static
