../Core/Src/Drivers/sensors_icm20602_spi.c:35:13:spiSendByte	24	static
../Core/Src/Drivers/sensors_icm20602_spi.c:55:13:spiReceiveByte	8	static
../Core/Src/Drivers/sensors_icm20602_spi.c:60:13:spiDMATransaction	16	static
../Core/Src/Drivers/sensors_icm20602_spi.c:113:20:spi_burst_read	32	static
../Core/Src/Drivers/sensors_icm20602_spi.c:138:20:spi_burst_write	24	static
../Core/Src/Drivers/sensors_icm20602_spi.c:155:13:spiConfigure	8	static
../Core/Src/Drivers/sensors_icm20602_spi.c:179:6:sensorsIcm20602Init_SPI	8	static
../Core/Src/Drivers/sensors_icm20602_spi.c:194:6:spiInit	40	static
../Core/Src/Drivers/sensors_icm20602_spi.c:239:6:spiDMAInit	16	static
