../Drivers/CMSIS/Include/core_cm4.h:1684:22:__NVIC_EnableIRQ	16	static,ignoring_inline_asm
../Drivers/CMSIS/Include/core_cm4.h:1722:22:__NVIC_DisableIRQ	16	static,ignoring_inline_asm
../Core/Src/Drivers/sensors.c:75:13:nullFunction	4	static
../Core/Src/Drivers/sensors.c:178:6:sensorsInit	16	static
../Core/Src/Drivers/sensors.c:197:6:sensorsTest	8	static
../Core/Src/Drivers/sensors.c:201:6:sensorsAreCalibrated	8	static
../Core/Src/Drivers/sensors.c:205:6:sensorsManufacturingTest	4	static
../Core/Src/Drivers/sensors.c:209:6:sensorsAcquire	16	static
../Core/Src/Drivers/sensors.c:213:6:sensorsWaitDataReady	8	static
../Core/Src/Drivers/sensors.c:217:6:sensorsReadGyro	16	static
../Core/Src/Drivers/sensors.c:221:6:sensorsReadAcc	16	static
../Core/Src/Drivers/sensors.c:225:6:sensorsReadMag	16	static
../Core/Src/Drivers/sensors.c:229:6:sensorsReadBaro	16	static
../Core/Src/Drivers/sensors.c:233:6:sensorsSetAccMode	16	static
../Core/Src/Drivers/sensors.c:237:6:sensorsSuspend	8	static
../Core/Src/Drivers/sensors.c:242:6:sensorsResume	8	static
../Core/Src/Drivers/sensors.c:248:28:EXTI14_Callback	8	static
../Core/Src/Drivers/sensors.c:252:39:findImplementation	24	static
